[2023-02-27T09:13:49.941+0300][gc,heap] Heap region size: 1M
[2023-02-27T09:13:49.949+0300][gc     ] Using G1
[2023-02-27T09:13:49.949+0300][gc,heap,coops] Heap address: 0x00000000c0000000, size: 1024 MB, Compressed Oops mode: 32-bit
[2023-02-27T09:13:49.968+0300][gc           ] Periodic GC disabled
[2023-02-27T09:13:50.741+0300][gc,start     ] GC(0) Pause Young (Concurrent Start) (Metadata GC Threshold)
[2023-02-27T09:13:50.741+0300][gc,task      ] GC(0) Using 4 workers of 4 for evacuation
[2023-02-27T09:13:50.749+0300][gc,phases    ] GC(0)   Pre Evacuate Collection Set: 0,1ms
[2023-02-27T09:13:50.749+0300][gc,phases    ] GC(0)   Evacuate Collection Set: 6,5ms
[2023-02-27T09:13:50.749+0300][gc,phases    ] GC(0)   Post Evacuate Collection Set: 0,5ms
[2023-02-27T09:13:50.749+0300][gc,phases    ] GC(0)   Other: 0,4ms
[2023-02-27T09:13:50.749+0300][gc,heap      ] GC(0) Eden regions: 47->0(44)
[2023-02-27T09:13:50.749+0300][gc,heap      ] GC(0) Survivor regions: 0->7(7)
[2023-02-27T09:13:50.749+0300][gc,heap      ] GC(0) Old regions: 0->0
[2023-02-27T09:13:50.749+0300][gc,heap      ] GC(0) Archive regions: 0->0
[2023-02-27T09:13:50.749+0300][gc,heap      ] GC(0) Humongous regions: 0->0
[2023-02-27T09:13:50.749+0300][gc,metaspace ] GC(0) Metaspace: 20672K->20672K(1069056K)
[2023-02-27T09:13:50.749+0300][gc           ] GC(0) Pause Young (Concurrent Start) (Metadata GC Threshold) 47M->6M(1024M) 7,625ms
[2023-02-27T09:13:50.749+0300][gc,cpu       ] GC(0) User=0,01s Sys=0,00s Real=0,01s
[2023-02-27T09:13:50.749+0300][gc           ] GC(1) Concurrent Cycle
[2023-02-27T09:13:50.749+0300][gc,marking   ] GC(1) Concurrent Clear Claimed Marks
[2023-02-27T09:13:50.749+0300][gc,marking   ] GC(1) Concurrent Clear Claimed Marks 0,025ms
[2023-02-27T09:13:50.749+0300][gc,marking   ] GC(1) Concurrent Scan Root Regions
[2023-02-27T09:13:50.751+0300][gc,marking   ] GC(1) Concurrent Scan Root Regions 2,506ms
[2023-02-27T09:13:50.752+0300][gc,marking   ] GC(1) Concurrent Mark (0,813s)
[2023-02-27T09:13:50.752+0300][gc,marking   ] GC(1) Concurrent Mark From Roots
[2023-02-27T09:13:50.752+0300][gc,task      ] GC(1) Using 1 workers of 1 for marking
[2023-02-27T09:13:50.752+0300][gc,marking   ] GC(1) Concurrent Mark From Roots 0,904ms
[2023-02-27T09:13:50.752+0300][gc,marking   ] GC(1) Concurrent Preclean
[2023-02-27T09:13:50.753+0300][gc,marking   ] GC(1) Concurrent Preclean 0,068ms
[2023-02-27T09:13:50.753+0300][gc,marking   ] GC(1) Concurrent Mark (0,813s, 0,814s) 1,030ms
[2023-02-27T09:13:50.753+0300][gc,start     ] GC(1) Pause Remark
[2023-02-27T09:13:50.754+0300][gc           ] GC(1) Pause Remark 7M->7M(1024M) 1,093ms
[2023-02-27T09:13:50.754+0300][gc,cpu       ] GC(1) User=0,01s Sys=0,00s Real=0,00s
[2023-02-27T09:13:50.754+0300][gc,marking   ] GC(1) Concurrent Rebuild Remembered Sets
[2023-02-27T09:13:50.754+0300][gc,marking   ] GC(1) Concurrent Rebuild Remembered Sets 0,201ms
[2023-02-27T09:13:50.757+0300][gc,start     ] GC(1) Pause Cleanup
[2023-02-27T09:13:50.757+0300][gc           ] GC(1) Pause Cleanup 7M->7M(1024M) 0,162ms
[2023-02-27T09:13:50.757+0300][gc,cpu       ] GC(1) User=0,00s Sys=0,00s Real=0,01s
[2023-02-27T09:13:50.758+0300][gc,marking   ] GC(1) Concurrent Cleanup for Next Mark
[2023-02-27T09:13:50.767+0300][gc,marking   ] GC(1) Concurrent Cleanup for Next Mark 9,169ms
[2023-02-27T09:13:50.767+0300][gc           ] GC(1) Concurrent Cycle 17,975ms
[2023-02-27T09:13:51.308+0300][gc,start     ] GC(2) Pause Young (Normal) (G1 Evacuation Pause)
[2023-02-27T09:13:51.308+0300][gc,task      ] GC(2) Using 4 workers of 4 for evacuation
[2023-02-27T09:13:51.314+0300][gc,phases    ] GC(2)   Pre Evacuate Collection Set: 0,1ms
[2023-02-27T09:13:51.314+0300][gc,phases    ] GC(2)   Evacuate Collection Set: 5,3ms
[2023-02-27T09:13:51.314+0300][gc,phases    ] GC(2)   Post Evacuate Collection Set: 0,5ms
[2023-02-27T09:13:51.314+0300][gc,phases    ] GC(2)   Other: 0,2ms
[2023-02-27T09:13:51.314+0300][gc,heap      ] GC(2) Eden regions: 44->0(49)
[2023-02-27T09:13:51.314+0300][gc,heap      ] GC(2) Survivor regions: 7->2(7)
[2023-02-27T09:13:51.314+0300][gc,heap      ] GC(2) Old regions: 0->7
[2023-02-27T09:13:51.314+0300][gc,heap      ] GC(2) Archive regions: 0->0
[2023-02-27T09:13:51.314+0300][gc,heap      ] GC(2) Humongous regions: 0->0
[2023-02-27T09:13:51.314+0300][gc,metaspace ] GC(2) Metaspace: 29136K->29136K(1075200K)
[2023-02-27T09:13:51.314+0300][gc           ] GC(2) Pause Young (Normal) (G1 Evacuation Pause) 50M->8M(1024M) 6,099ms
[2023-02-27T09:13:51.314+0300][gc,cpu       ] GC(2) User=0,02s Sys=0,00s Real=0,00s
[2023-02-27T09:13:51.599+0300][gc,start     ] GC(3) Pause Young (Concurrent Start) (Metadata GC Threshold)
[2023-02-27T09:13:51.599+0300][gc,task      ] GC(3) Using 4 workers of 4 for evacuation
[2023-02-27T09:13:51.601+0300][gc,phases    ] GC(3)   Pre Evacuate Collection Set: 0,1ms
[2023-02-27T09:13:51.601+0300][gc,phases    ] GC(3)   Evacuate Collection Set: 1,8ms
[2023-02-27T09:13:51.601+0300][gc,phases    ] GC(3)   Post Evacuate Collection Set: 0,3ms
[2023-02-27T09:13:51.601+0300][gc,phases    ] GC(3)   Other: 0,2ms
[2023-02-27T09:13:51.601+0300][gc,heap      ] GC(3) Eden regions: 34->0(48)
[2023-02-27T09:13:51.601+0300][gc,heap      ] GC(3) Survivor regions: 2->3(7)
[2023-02-27T09:13:51.601+0300][gc,heap      ] GC(3) Old regions: 7->7
[2023-02-27T09:13:51.601+0300][gc,heap      ] GC(3) Archive regions: 0->0
[2023-02-27T09:13:51.601+0300][gc,heap      ] GC(3) Humongous regions: 129->129
[2023-02-27T09:13:51.601+0300][gc,metaspace ] GC(3) Metaspace: 34955K->34955K(1081344K)
[2023-02-27T09:13:51.601+0300][gc           ] GC(3) Pause Young (Concurrent Start) (Metadata GC Threshold) 171M->138M(1024M) 2,553ms
[2023-02-27T09:13:51.601+0300][gc,cpu       ] GC(3) User=0,01s Sys=0,00s Real=0,00s
[2023-02-27T09:13:51.601+0300][gc           ] GC(4) Concurrent Cycle
[2023-02-27T09:13:51.601+0300][gc,marking   ] GC(4) Concurrent Clear Claimed Marks
[2023-02-27T09:13:51.602+0300][gc,marking   ] GC(4) Concurrent Clear Claimed Marks 0,041ms
[2023-02-27T09:13:51.602+0300][gc,marking   ] GC(4) Concurrent Scan Root Regions
[2023-02-27T09:13:51.604+0300][gc,marking   ] GC(4) Concurrent Scan Root Regions 2,003ms
[2023-02-27T09:13:51.604+0300][gc,marking   ] GC(4) Concurrent Mark (1,665s)
[2023-02-27T09:13:51.604+0300][gc,marking   ] GC(4) Concurrent Mark From Roots
[2023-02-27T09:13:51.604+0300][gc,task      ] GC(4) Using 1 workers of 1 for marking
[2023-02-27T09:13:51.613+0300][gc,marking   ] GC(4) Concurrent Mark From Roots 9,600ms
[2023-02-27T09:13:51.613+0300][gc,marking   ] GC(4) Concurrent Preclean
[2023-02-27T09:13:51.613+0300][gc,marking   ] GC(4) Concurrent Preclean 0,130ms
[2023-02-27T09:13:51.613+0300][gc,marking   ] GC(4) Concurrent Mark (1,665s, 1,674s) 9,794ms
[2023-02-27T09:13:51.613+0300][gc,start     ] GC(4) Pause Remark
[2023-02-27T09:13:51.615+0300][gc           ] GC(4) Pause Remark 140M->140M(1024M) 1,553ms
[2023-02-27T09:13:51.615+0300][gc,cpu       ] GC(4) User=0,00s Sys=0,00s Real=0,00s
[2023-02-27T09:13:51.615+0300][gc,marking   ] GC(4) Concurrent Rebuild Remembered Sets
[2023-02-27T09:13:51.620+0300][gc,marking   ] GC(4) Concurrent Rebuild Remembered Sets 4,993ms
[2023-02-27T09:13:51.620+0300][gc,start     ] GC(4) Pause Cleanup
[2023-02-27T09:13:51.621+0300][gc           ] GC(4) Pause Cleanup 140M->140M(1024M) 0,174ms
[2023-02-27T09:13:51.621+0300][gc,cpu       ] GC(4) User=0,01s Sys=0,00s Real=0,00s
[2023-02-27T09:13:51.621+0300][gc,marking   ] GC(4) Concurrent Cleanup for Next Mark
[2023-02-27T09:13:51.628+0300][gc,marking   ] GC(4) Concurrent Cleanup for Next Mark 7,770ms
[2023-02-27T09:13:51.629+0300][gc           ] GC(4) Concurrent Cycle 27,039ms
[2023-02-27T09:13:52.230+0300][gc,start     ] GC(5) Pause Young (Normal) (G1 Evacuation Pause)
[2023-02-27T09:13:52.230+0300][gc,task      ] GC(5) Using 4 workers of 4 for evacuation
[2023-02-27T09:13:52.236+0300][gc,phases    ] GC(5)   Pre Evacuate Collection Set: 0,1ms
[2023-02-27T09:13:52.236+0300][gc,phases    ] GC(5)   Evacuate Collection Set: 6,1ms
[2023-02-27T09:13:52.236+0300][gc,phases    ] GC(5)   Post Evacuate Collection Set: 0,5ms
[2023-02-27T09:13:52.236+0300][gc,phases    ] GC(5)   Other: 0,2ms
[2023-02-27T09:13:52.236+0300][gc,heap      ] GC(5) Eden regions: 48->0(44)
[2023-02-27T09:13:52.236+0300][gc,heap      ] GC(5) Survivor regions: 3->7(7)
[2023-02-27T09:13:52.236+0300][gc,heap      ] GC(5) Old regions: 7->7
[2023-02-27T09:13:52.236+0300][gc,heap      ] GC(5) Archive regions: 0->0
[2023-02-27T09:13:52.236+0300][gc,heap      ] GC(5) Humongous regions: 129->129
[2023-02-27T09:13:52.236+0300][gc,metaspace ] GC(5) Metaspace: 42785K->42785K(1087488K)
[2023-02-27T09:13:52.236+0300][gc           ] GC(5) Pause Young (Normal) (G1 Evacuation Pause) 186M->141M(1024M) 6,980ms
[2023-02-27T09:13:52.237+0300][gc,cpu       ] GC(5) User=0,02s Sys=0,00s Real=0,00s
[2023-02-27T09:52:26.312+0300][gc,start     ] GC(6) Pause Young (Normal) (G1 Evacuation Pause)
[2023-02-27T09:52:26.312+0300][gc,task      ] GC(6) Using 4 workers of 4 for evacuation
[2023-02-27T09:52:26.320+0300][gc,phases    ] GC(6)   Pre Evacuate Collection Set: 0,0ms
[2023-02-27T09:52:26.320+0300][gc,phases    ] GC(6)   Evacuate Collection Set: 6,3ms
[2023-02-27T09:52:26.320+0300][gc,phases    ] GC(6)   Post Evacuate Collection Set: 0,6ms
[2023-02-27T09:52:26.320+0300][gc,phases    ] GC(6)   Other: 0,2ms
[2023-02-27T09:52:26.320+0300][gc,heap      ] GC(6) Eden regions: 44->0(49)
[2023-02-27T09:52:26.320+0300][gc,heap      ] GC(6) Survivor regions: 7->2(7)
[2023-02-27T09:52:26.320+0300][gc,heap      ] GC(6) Old regions: 7->13
[2023-02-27T09:52:26.320+0300][gc,heap      ] GC(6) Archive regions: 0->0
[2023-02-27T09:52:26.320+0300][gc,heap      ] GC(6) Humongous regions: 129->129
[2023-02-27T09:52:26.320+0300][gc,metaspace ] GC(6) Metaspace: 47403K->47403K(1091584K)
[2023-02-27T09:52:26.320+0300][gc           ] GC(6) Pause Young (Normal) (G1 Evacuation Pause) 185M->143M(1024M) 7,160ms
[2023-02-27T09:52:26.320+0300][gc,cpu       ] GC(6) User=0,02s Sys=0,00s Real=0,01s
[2023-02-27T10:04:21.343+0300][gc,start     ] GC(7) Pause Young (Normal) (G1 Evacuation Pause)
[2023-02-27T10:04:21.343+0300][gc,task      ] GC(7) Using 4 workers of 4 for evacuation
[2023-02-27T10:04:21.350+0300][gc,phases    ] GC(7)   Pre Evacuate Collection Set: 0,1ms
[2023-02-27T10:04:21.350+0300][gc,phases    ] GC(7)   Evacuate Collection Set: 6,0ms
[2023-02-27T10:04:21.350+0300][gc,phases    ] GC(7)   Post Evacuate Collection Set: 0,6ms
[2023-02-27T10:04:21.350+0300][gc,phases    ] GC(7)   Other: 0,4ms
[2023-02-27T10:04:21.350+0300][gc,heap      ] GC(7) Eden regions: 49->0(47)
[2023-02-27T10:04:21.350+0300][gc,heap      ] GC(7) Survivor regions: 2->4(7)
[2023-02-27T10:04:21.350+0300][gc,heap      ] GC(7) Old regions: 13->13
[2023-02-27T10:04:21.350+0300][gc,heap      ] GC(7) Archive regions: 0->0
[2023-02-27T10:04:21.350+0300][gc,heap      ] GC(7) Humongous regions: 129->129
[2023-02-27T10:04:21.350+0300][gc,metaspace ] GC(7) Metaspace: 51884K->51884K(1095680K)
[2023-02-27T10:04:21.350+0300][gc           ] GC(7) Pause Young (Normal) (G1 Evacuation Pause) 192M->144M(1024M) 7,139ms
[2023-02-27T10:04:21.350+0300][gc,cpu       ] GC(7) User=0,02s Sys=0,00s Real=0,01s
[2023-02-27T10:33:36.286+0300][gc,start     ] GC(8) Pause Young (Normal) (G1 Evacuation Pause)
[2023-02-27T10:33:36.286+0300][gc,task      ] GC(8) Using 4 workers of 4 for evacuation
[2023-02-27T10:33:36.301+0300][gc,phases    ] GC(8)   Pre Evacuate Collection Set: 0,1ms
[2023-02-27T10:33:36.301+0300][gc,phases    ] GC(8)   Evacuate Collection Set: 12,7ms
[2023-02-27T10:33:36.301+0300][gc,phases    ] GC(8)   Post Evacuate Collection Set: 2,4ms
[2023-02-27T10:33:36.301+0300][gc,phases    ] GC(8)   Other: 0,5ms
[2023-02-27T10:33:36.301+0300][gc,heap      ] GC(8) Eden regions: 47->0(46)
[2023-02-27T10:33:36.301+0300][gc,heap      ] GC(8) Survivor regions: 4->5(7)
[2023-02-27T10:33:36.301+0300][gc,heap      ] GC(8) Old regions: 13->13
[2023-02-27T10:33:36.301+0300][gc,heap      ] GC(8) Archive regions: 0->0
[2023-02-27T10:33:36.301+0300][gc,heap      ] GC(8) Humongous regions: 129->129
[2023-02-27T10:33:36.302+0300][gc,metaspace ] GC(8) Metaspace: 52470K->52470K(1097728K)
[2023-02-27T10:33:36.302+0300][gc           ] GC(8) Pause Young (Normal) (G1 Evacuation Pause) 191M->145M(1024M) 15,982ms
[2023-02-27T10:33:36.302+0300][gc,cpu       ] GC(8) User=0,05s Sys=0,00s Real=0,01s
[2023-02-27T11:03:23.795+0300][gc,start     ] GC(9) Pause Young (Normal) (G1 Evacuation Pause)
[2023-02-27T11:03:23.795+0300][gc,task      ] GC(9) Using 4 workers of 4 for evacuation
[2023-02-27T11:03:23.813+0300][gc,phases    ] GC(9)   Pre Evacuate Collection Set: 0,1ms
[2023-02-27T11:03:23.813+0300][gc,phases    ] GC(9)   Evacuate Collection Set: 15,2ms
[2023-02-27T11:03:23.813+0300][gc,phases    ] GC(9)   Post Evacuate Collection Set: 1,8ms
[2023-02-27T11:03:23.813+0300][gc,phases    ] GC(9)   Other: 0,5ms
[2023-02-27T11:03:23.813+0300][gc,heap      ] GC(9) Eden regions: 46->0(47)
[2023-02-27T11:03:23.813+0300][gc,heap      ] GC(9) Survivor regions: 5->4(7)
[2023-02-27T11:03:23.813+0300][gc,heap      ] GC(9) Old regions: 13->14
[2023-02-27T11:03:23.813+0300][gc,heap      ] GC(9) Archive regions: 0->0
[2023-02-27T11:03:23.813+0300][gc,heap      ] GC(9) Humongous regions: 129->129
[2023-02-27T11:03:23.813+0300][gc,metaspace ] GC(9) Metaspace: 52618K->52618K(1097728K)
[2023-02-27T11:03:23.813+0300][gc           ] GC(9) Pause Young (Normal) (G1 Evacuation Pause) 191M->146M(1024M) 17,815ms
[2023-02-27T11:03:23.813+0300][gc,cpu       ] GC(9) User=0,06s Sys=0,00s Real=0,02s
[2023-02-27T11:33:02.006+0300][gc,start     ] GC(10) Pause Young (Normal) (G1 Evacuation Pause)
[2023-02-27T11:33:02.006+0300][gc,task      ] GC(10) Using 4 workers of 4 for evacuation
[2023-02-27T11:33:02.019+0300][gc,phases    ] GC(10)   Pre Evacuate Collection Set: 0,1ms
[2023-02-27T11:33:02.019+0300][gc,phases    ] GC(10)   Evacuate Collection Set: 11,4ms
[2023-02-27T11:33:02.019+0300][gc,phases    ] GC(10)   Post Evacuate Collection Set: 1,5ms
[2023-02-27T11:33:02.019+0300][gc,phases    ] GC(10)   Other: 0,5ms
[2023-02-27T11:33:02.019+0300][gc,heap      ] GC(10) Eden regions: 47->0(46)
[2023-02-27T11:33:02.020+0300][gc,heap      ] GC(10) Survivor regions: 4->5(7)
[2023-02-27T11:33:02.020+0300][gc,heap      ] GC(10) Old regions: 14->14
[2023-02-27T11:33:02.020+0300][gc,heap      ] GC(10) Archive regions: 0->0
[2023-02-27T11:33:02.020+0300][gc,heap      ] GC(10) Humongous regions: 129->129
[2023-02-27T11:33:02.020+0300][gc,metaspace ] GC(10) Metaspace: 52753K->52753K(1097728K)
[2023-02-27T11:33:02.020+0300][gc           ] GC(10) Pause Young (Normal) (G1 Evacuation Pause) 193M->147M(1024M) 13,698ms
[2023-02-27T11:33:02.020+0300][gc,cpu       ] GC(10) User=0,04s Sys=0,00s Real=0,01s
[2023-02-27T12:03:30.287+0300][gc,start     ] GC(11) Pause Young (Normal) (G1 Evacuation Pause)
[2023-02-27T12:03:30.288+0300][gc,task      ] GC(11) Using 4 workers of 4 for evacuation
[2023-02-27T12:03:30.311+0300][gc,mmu       ] GC(11) MMU target violated: 21,0ms (20,0ms/21,0ms)
[2023-02-27T12:03:30.311+0300][gc,phases    ] GC(11)   Pre Evacuate Collection Set: 0,2ms
[2023-02-27T12:03:30.311+0300][gc,phases    ] GC(11)   Evacuate Collection Set: 22,2ms
[2023-02-27T12:03:30.311+0300][gc,phases    ] GC(11)   Post Evacuate Collection Set: 1,1ms
[2023-02-27T12:03:30.311+0300][gc,phases    ] GC(11)   Other: 0,6ms
[2023-02-27T12:03:30.311+0300][gc,heap      ] GC(11) Eden regions: 46->0(47)
[2023-02-27T12:03:30.311+0300][gc,heap      ] GC(11) Survivor regions: 5->4(7)
[2023-02-27T12:03:30.311+0300][gc,heap      ] GC(11) Old regions: 14->16
[2023-02-27T12:03:30.311+0300][gc,heap      ] GC(11) Archive regions: 0->0
[2023-02-27T12:03:30.311+0300][gc,heap      ] GC(11) Humongous regions: 129->129
[2023-02-27T12:03:30.312+0300][gc,metaspace ] GC(11) Metaspace: 52765K->52765K(1097728K)
[2023-02-27T12:03:30.312+0300][gc           ] GC(11) Pause Young (Normal) (G1 Evacuation Pause) 193M->147M(1024M) 24,087ms
[2023-02-27T12:03:30.312+0300][gc,cpu       ] GC(11) User=0,03s Sys=0,01s Real=0,02s
[2023-02-27T12:33:07.006+0300][gc,start     ] GC(12) Pause Young (Normal) (G1 Evacuation Pause)
[2023-02-27T12:33:07.006+0300][gc,task      ] GC(12) Using 4 workers of 4 for evacuation
[2023-02-27T12:33:07.019+0300][gc,phases    ] GC(12)   Pre Evacuate Collection Set: 0,1ms
[2023-02-27T12:33:07.019+0300][gc,phases    ] GC(12)   Evacuate Collection Set: 10,4ms
[2023-02-27T12:33:07.019+0300][gc,phases    ] GC(12)   Post Evacuate Collection Set: 1,6ms
[2023-02-27T12:33:07.019+0300][gc,phases    ] GC(12)   Other: 0,7ms
[2023-02-27T12:33:07.019+0300][gc,heap      ] GC(12) Eden regions: 47->0(50)
[2023-02-27T12:33:07.019+0300][gc,heap      ] GC(12) Survivor regions: 4->3(7)
[2023-02-27T12:33:07.019+0300][gc,heap      ] GC(12) Old regions: 16->16
[2023-02-27T12:33:07.019+0300][gc,heap      ] GC(12) Archive regions: 0->0
[2023-02-27T12:33:07.019+0300][gc,heap      ] GC(12) Humongous regions: 129->129
[2023-02-27T12:33:07.019+0300][gc,metaspace ] GC(12) Metaspace: 52782K->52782K(1097728K)
[2023-02-27T12:33:07.019+0300][gc           ] GC(12) Pause Young (Normal) (G1 Evacuation Pause) 194M->146M(1024M) 13,099ms
[2023-02-27T12:33:07.019+0300][gc,cpu       ] GC(12) User=0,03s Sys=0,00s Real=0,01s
[2023-02-27T13:06:41.164+0300][gc,start     ] GC(13) Pause Young (Normal) (G1 Evacuation Pause)
[2023-02-27T13:06:41.164+0300][gc,task      ] GC(13) Using 4 workers of 4 for evacuation
[2023-02-27T13:06:41.176+0300][gc,phases    ] GC(13)   Pre Evacuate Collection Set: 0,1ms
[2023-02-27T13:06:41.176+0300][gc,phases    ] GC(13)   Evacuate Collection Set: 9,1ms
[2023-02-27T13:06:41.176+0300][gc,phases    ] GC(13)   Post Evacuate Collection Set: 2,3ms
[2023-02-27T13:06:41.176+0300][gc,phases    ] GC(13)   Other: 0,5ms
[2023-02-27T13:06:41.176+0300][gc,heap      ] GC(13) Eden regions: 50->0(58)
[2023-02-27T13:06:41.177+0300][gc,heap      ] GC(13) Survivor regions: 3->3(7)
[2023-02-27T13:06:41.177+0300][gc,heap      ] GC(13) Old regions: 16->16
[2023-02-27T13:06:41.177+0300][gc,heap      ] GC(13) Archive regions: 0->0
[2023-02-27T13:06:41.177+0300][gc,heap      ] GC(13) Humongous regions: 129->129
[2023-02-27T13:06:41.177+0300][gc,metaspace ] GC(13) Metaspace: 52791K->52791K(1097728K)
[2023-02-27T13:06:41.177+0300][gc           ] GC(13) Pause Young (Normal) (G1 Evacuation Pause) 196M->147M(1024M) 12,488ms
[2023-02-27T13:06:41.177+0300][gc,cpu       ] GC(13) User=0,04s Sys=0,00s Real=0,01s
[2023-02-27T13:44:23.006+0300][gc,start     ] GC(14) Pause Young (Normal) (G1 Evacuation Pause)
[2023-02-27T13:44:23.006+0300][gc,task      ] GC(14) Using 4 workers of 4 for evacuation
[2023-02-27T13:44:23.022+0300][gc,phases    ] GC(14)   Pre Evacuate Collection Set: 0,1ms
[2023-02-27T13:44:23.022+0300][gc,phases    ] GC(14)   Evacuate Collection Set: 15,0ms
[2023-02-27T13:44:23.022+0300][gc,phases    ] GC(14)   Post Evacuate Collection Set: 1,1ms
[2023-02-27T13:44:23.023+0300][gc,phases    ] GC(14)   Other: 0,6ms
[2023-02-27T13:44:23.023+0300][gc,heap      ] GC(14) Eden regions: 58->0(87)
[2023-02-27T13:44:23.023+0300][gc,heap      ] GC(14) Survivor regions: 3->3(8)
[2023-02-27T13:44:23.023+0300][gc,heap      ] GC(14) Old regions: 16->16
[2023-02-27T13:44:23.023+0300][gc,heap      ] GC(14) Archive regions: 0->0
[2023-02-27T13:44:23.023+0300][gc,heap      ] GC(14) Humongous regions: 129->129
[2023-02-27T13:44:23.023+0300][gc,metaspace ] GC(14) Metaspace: 52807K->52807K(1097728K)
[2023-02-27T13:44:23.023+0300][gc           ] GC(14) Pause Young (Normal) (G1 Evacuation Pause) 205M->147M(1024M) 17,276ms
[2023-02-27T13:44:23.023+0300][gc,cpu       ] GC(14) User=0,04s Sys=0,00s Real=0,01s
[2023-02-27T14:42:30.285+0300][gc,start     ] GC(15) Pause Young (Normal) (G1 Evacuation Pause)
[2023-02-27T14:42:30.285+0300][gc,task      ] GC(15) Using 4 workers of 4 for evacuation
[2023-02-27T14:42:30.293+0300][gc,phases    ] GC(15)   Pre Evacuate Collection Set: 0,1ms
[2023-02-27T14:42:30.293+0300][gc,phases    ] GC(15)   Evacuate Collection Set: 6,6ms
[2023-02-27T14:42:30.293+0300][gc,phases    ] GC(15)   Post Evacuate Collection Set: 0,4ms
[2023-02-27T14:42:30.293+0300][gc,phases    ] GC(15)   Other: 0,4ms
[2023-02-27T14:42:30.293+0300][gc,heap      ] GC(15) Eden regions: 87->0(87)
[2023-02-27T14:42:30.293+0300][gc,heap      ] GC(15) Survivor regions: 3->4(12)
[2023-02-27T14:42:30.293+0300][gc,heap      ] GC(15) Old regions: 16->16
[2023-02-27T14:42:30.293+0300][gc,heap      ] GC(15) Archive regions: 0->0
[2023-02-27T14:42:30.293+0300][gc,heap      ] GC(15) Humongous regions: 129->129
[2023-02-27T14:42:30.293+0300][gc,metaspace ] GC(15) Metaspace: 52814K->52814K(1097728K)
[2023-02-27T14:42:30.293+0300][gc           ] GC(15) Pause Young (Normal) (G1 Evacuation Pause) 234M->148M(1024M) 7,606ms
[2023-02-27T14:42:30.293+0300][gc,cpu       ] GC(15) User=0,02s Sys=0,00s Real=0,01s
[2023-02-27T15:40:38.467+0300][gc,start     ] GC(16) Pause Young (Normal) (G1 Evacuation Pause)
[2023-02-27T15:40:38.467+0300][gc,task      ] GC(16) Using 4 workers of 4 for evacuation
[2023-02-27T15:40:38.476+0300][gc,phases    ] GC(16)   Pre Evacuate Collection Set: 0,1ms
[2023-02-27T15:40:38.476+0300][gc,phases    ] GC(16)   Evacuate Collection Set: 8,1ms
[2023-02-27T15:40:38.477+0300][gc,phases    ] GC(16)   Post Evacuate Collection Set: 1,1ms
[2023-02-27T15:40:38.477+0300][gc,phases    ] GC(16)   Other: 0,5ms
[2023-02-27T15:40:38.477+0300][gc,heap      ] GC(16) Eden regions: 87->0(91)
[2023-02-27T15:40:38.477+0300][gc,heap      ] GC(16) Survivor regions: 4->3(12)
[2023-02-27T15:40:38.477+0300][gc,heap      ] GC(16) Old regions: 16->16
[2023-02-27T15:40:38.477+0300][gc,heap      ] GC(16) Archive regions: 0->0
[2023-02-27T15:40:38.477+0300][gc,heap      ] GC(16) Humongous regions: 129->129
[2023-02-27T15:40:38.477+0300][gc,metaspace ] GC(16) Metaspace: 52841K->52841K(1097728K)
[2023-02-27T15:40:38.477+0300][gc           ] GC(16) Pause Young (Normal) (G1 Evacuation Pause) 235M->147M(1024M) 10,119ms
[2023-02-27T15:40:38.477+0300][gc,cpu       ] GC(16) User=0,04s Sys=0,00s Real=0,00s
[2023-02-27T16:41:27.006+0300][gc,start     ] GC(17) Pause Young (Normal) (G1 Evacuation Pause)
[2023-02-27T16:41:27.006+0300][gc,task      ] GC(17) Using 4 workers of 4 for evacuation
[2023-02-27T16:41:27.023+0300][gc,phases    ] GC(17)   Pre Evacuate Collection Set: 0,1ms
[2023-02-27T16:41:27.023+0300][gc,phases    ] GC(17)   Evacuate Collection Set: 14,4ms
[2023-02-27T16:41:27.024+0300][gc,phases    ] GC(17)   Post Evacuate Collection Set: 2,5ms
[2023-02-27T16:41:27.024+0300][gc,phases    ] GC(17)   Other: 0,5ms
[2023-02-27T16:41:27.024+0300][gc,heap      ] GC(17) Eden regions: 91->0(104)
[2023-02-27T16:41:27.024+0300][gc,heap      ] GC(17) Survivor regions: 3->4(12)
[2023-02-27T16:41:27.024+0300][gc,heap      ] GC(17) Old regions: 16->16
[2023-02-27T16:41:27.024+0300][gc,heap      ] GC(17) Archive regions: 0->0
[2023-02-27T16:41:27.024+0300][gc,heap      ] GC(17) Humongous regions: 129->129
[2023-02-27T16:41:27.024+0300][gc,metaspace ] GC(17) Metaspace: 52847K->52847K(1097728K)
[2023-02-27T16:41:27.024+0300][gc           ] GC(17) Pause Young (Normal) (G1 Evacuation Pause) 238M->147M(1024M) 17,972ms
[2023-02-27T16:41:27.024+0300][gc,cpu       ] GC(17) User=0,05s Sys=0,01s Real=0,01s
[2023-02-27T17:51:24.285+0300][gc,start     ] GC(18) Pause Young (Normal) (G1 Evacuation Pause)
[2023-02-27T17:51:24.286+0300][gc,task      ] GC(18) Using 4 workers of 4 for evacuation
[2023-02-27T17:51:24.292+0300][gc,phases    ] GC(18)   Pre Evacuate Collection Set: 0,1ms
[2023-02-27T17:51:24.292+0300][gc,phases    ] GC(18)   Evacuate Collection Set: 5,9ms
[2023-02-27T17:51:24.292+0300][gc,phases    ] GC(18)   Post Evacuate Collection Set: 0,4ms
[2023-02-27T17:51:24.292+0300][gc,phases    ] GC(18)   Other: 0,5ms
[2023-02-27T17:51:24.292+0300][gc,heap      ] GC(18) Eden regions: 104->0(611)
[2023-02-27T17:51:24.292+0300][gc,heap      ] GC(18) Survivor regions: 4->3(14)
[2023-02-27T17:51:24.292+0300][gc,heap      ] GC(18) Old regions: 16->16
[2023-02-27T17:51:24.292+0300][gc,heap      ] GC(18) Archive regions: 0->0
[2023-02-27T17:51:24.292+0300][gc,heap      ] GC(18) Humongous regions: 129->129
[2023-02-27T17:51:24.292+0300][gc,metaspace ] GC(18) Metaspace: 52868K->52868K(1097728K)
[2023-02-27T17:51:24.292+0300][gc           ] GC(18) Pause Young (Normal) (G1 Evacuation Pause) 251M->147M(1024M) 6,926ms
[2023-02-27T17:51:24.292+0300][gc,cpu       ] GC(18) User=0,03s Sys=0,00s Real=0,00s
[2023-02-28T00:47:07.006+0300][gc,start     ] GC(19) Pause Young (Normal) (G1 Evacuation Pause)
[2023-02-28T00:47:07.006+0300][gc,task      ] GC(19) Using 4 workers of 4 for evacuation
[2023-02-28T00:47:07.022+0300][gc,phases    ] GC(19)   Pre Evacuate Collection Set: 0,1ms
[2023-02-28T00:47:07.022+0300][gc,phases    ] GC(19)   Evacuate Collection Set: 13,3ms
[2023-02-28T00:47:07.022+0300][gc,phases    ] GC(19)   Post Evacuate Collection Set: 1,6ms
[2023-02-28T00:47:07.022+0300][gc,phases    ] GC(19)   Other: 0,8ms
[2023-02-28T00:47:07.022+0300][gc,heap      ] GC(19) Eden regions: 611->0(183)
[2023-02-28T00:47:07.022+0300][gc,heap      ] GC(19) Survivor regions: 3->4(77)
[2023-02-28T00:47:07.022+0300][gc,heap      ] GC(19) Old regions: 16->16
[2023-02-28T00:47:07.022+0300][gc,heap      ] GC(19) Archive regions: 0->0
[2023-02-28T00:47:07.022+0300][gc,heap      ] GC(19) Humongous regions: 129->129
[2023-02-28T00:47:07.022+0300][gc,metaspace ] GC(19) Metaspace: 52886K->52886K(1097728K)
[2023-02-28T00:47:07.022+0300][gc           ] GC(19) Pause Young (Normal) (G1 Evacuation Pause) 758M->148M(1024M) 16,077ms
[2023-02-28T00:47:07.022+0300][gc,cpu       ] GC(19) User=0,06s Sys=0,00s Real=0,01s
[2023-02-28T02:51:21.342+0300][gc,start     ] GC(20) Pause Young (Normal) (G1 Evacuation Pause)
[2023-02-28T02:51:21.342+0300][gc,task      ] GC(20) Using 4 workers of 4 for evacuation
[2023-02-28T02:51:21.346+0300][gc,phases    ] GC(20)   Pre Evacuate Collection Set: 0,0ms
[2023-02-28T02:51:21.346+0300][gc,phases    ] GC(20)   Evacuate Collection Set: 2,8ms
[2023-02-28T02:51:21.346+0300][gc,phases    ] GC(20)   Post Evacuate Collection Set: 0,5ms
[2023-02-28T02:51:21.346+0300][gc,phases    ] GC(20)   Other: 0,2ms
[2023-02-28T02:51:21.346+0300][gc,heap      ] GC(20) Eden regions: 183->0(610)
[2023-02-28T02:51:21.346+0300][gc,heap      ] GC(20) Survivor regions: 4->4(24)
[2023-02-28T02:51:21.346+0300][gc,heap      ] GC(20) Old regions: 16->16
[2023-02-28T02:51:21.346+0300][gc,heap      ] GC(20) Archive regions: 0->0
[2023-02-28T02:51:21.346+0300][gc,heap      ] GC(20) Humongous regions: 129->129
[2023-02-28T02:51:21.346+0300][gc,metaspace ] GC(20) Metaspace: 52899K->52899K(1097728K)
[2023-02-28T02:51:21.346+0300][gc           ] GC(20) Pause Young (Normal) (G1 Evacuation Pause) 331M->148M(1024M) 3,642ms
[2023-02-28T02:51:21.346+0300][gc,cpu       ] GC(20) User=0,00s Sys=0,00s Real=0,01s
[2023-02-28T09:36:25.964+0300][gc,start     ] GC(21) Pause Young (Normal) (G1 Evacuation Pause)
[2023-02-28T09:36:25.964+0300][gc,task      ] GC(21) Using 4 workers of 4 for evacuation
[2023-02-28T09:36:25.976+0300][gc,phases    ] GC(21)   Pre Evacuate Collection Set: 0,1ms
[2023-02-28T09:36:25.976+0300][gc,phases    ] GC(21)   Evacuate Collection Set: 10,1ms
[2023-02-28T09:36:25.977+0300][gc,phases    ] GC(21)   Post Evacuate Collection Set: 1,6ms
[2023-02-28T09:36:25.977+0300][gc,phases    ] GC(21)   Other: 1,0ms
[2023-02-28T09:36:25.977+0300][gc,heap      ] GC(21) Eden regions: 610->0(611)
[2023-02-28T09:36:25.977+0300][gc,heap      ] GC(21) Survivor regions: 4->3(77)
[2023-02-28T09:36:25.977+0300][gc,heap      ] GC(21) Old regions: 16->16
[2023-02-28T09:36:25.977+0300][gc,heap      ] GC(21) Archive regions: 0->0
[2023-02-28T09:36:25.977+0300][gc,heap      ] GC(21) Humongous regions: 129->129
[2023-02-28T09:36:25.977+0300][gc,metaspace ] GC(21) Metaspace: 53949K->53949K(1097728K)
[2023-02-28T09:36:25.977+0300][gc           ] GC(21) Pause Young (Normal) (G1 Evacuation Pause) 758M->147M(1024M) 13,414ms
[2023-02-28T09:36:25.977+0300][gc,cpu       ] GC(21) User=0,04s Sys=0,00s Real=0,01s
[2023-02-28T17:41:21.343+0300][gc,start     ] GC(22) Pause Young (Normal) (G1 Evacuation Pause)
[2023-02-28T17:41:21.343+0300][gc,task      ] GC(22) Using 4 workers of 4 for evacuation
[2023-02-28T17:41:21.357+0300][gc,phases    ] GC(22)   Pre Evacuate Collection Set: 0,1ms
[2023-02-28T17:41:21.357+0300][gc,phases    ] GC(22)   Evacuate Collection Set: 11,3ms
[2023-02-28T17:41:21.357+0300][gc,phases    ] GC(22)   Post Evacuate Collection Set: 1,8ms
[2023-02-28T17:41:21.357+0300][gc,phases    ] GC(22)   Other: 0,9ms
[2023-02-28T17:41:21.357+0300][gc,heap      ] GC(22) Eden regions: 611->0(611)
[2023-02-28T17:41:21.357+0300][gc,heap      ] GC(22) Survivor regions: 3->3(77)
[2023-02-28T17:41:21.357+0300][gc,heap      ] GC(22) Old regions: 16->16
[2023-02-28T17:41:21.357+0300][gc,heap      ] GC(22) Archive regions: 0->0
[2023-02-28T17:41:21.357+0300][gc,heap      ] GC(22) Humongous regions: 129->129
[2023-02-28T17:41:21.357+0300][gc,metaspace ] GC(22) Metaspace: 54090K->54090K(1097728K)
[2023-02-28T17:41:21.358+0300][gc           ] GC(22) Pause Young (Normal) (G1 Evacuation Pause) 758M->147M(1024M) 14,415ms
[2023-02-28T17:41:21.358+0300][gc,cpu       ] GC(22) User=0,05s Sys=0,00s Real=0,02s
[2023-03-01T01:51:24.238+0300][gc,start     ] GC(23) Pause Young (Normal) (G1 Evacuation Pause)
[2023-03-01T01:51:24.238+0300][gc,task      ] GC(23) Using 4 workers of 4 for evacuation
[2023-03-01T01:51:24.246+0300][gc,phases    ] GC(23)   Pre Evacuate Collection Set: 0,1ms
[2023-03-01T01:51:24.246+0300][gc,phases    ] GC(23)   Evacuate Collection Set: 6,5ms
[2023-03-01T01:51:24.246+0300][gc,phases    ] GC(23)   Post Evacuate Collection Set: 0,6ms
[2023-03-01T01:51:24.246+0300][gc,phases    ] GC(23)   Other: 0,5ms
[2023-03-01T01:51:24.246+0300][gc,heap      ] GC(23) Eden regions: 611->0(611)
[2023-03-01T01:51:24.246+0300][gc,heap      ] GC(23) Survivor regions: 3->3(77)
[2023-03-01T01:51:24.246+0300][gc,heap      ] GC(23) Old regions: 16->16
[2023-03-01T01:51:24.246+0300][gc,heap      ] GC(23) Archive regions: 0->0
[2023-03-01T01:51:24.246+0300][gc,heap      ] GC(23) Humongous regions: 129->129
[2023-03-01T01:51:24.246+0300][gc,metaspace ] GC(23) Metaspace: 54103K->54103K(1097728K)
[2023-03-01T01:51:24.246+0300][gc           ] GC(23) Pause Young (Normal) (G1 Evacuation Pause) 758M->147M(1024M) 7,795ms
[2023-03-01T01:51:24.246+0300][gc,cpu       ] GC(23) User=0,03s Sys=0,00s Real=0,01s
[2023-03-01T10:02:22.006+0300][gc,start     ] GC(24) Pause Young (Normal) (G1 Evacuation Pause)
[2023-03-01T10:02:22.006+0300][gc,task      ] GC(24) Using 4 workers of 4 for evacuation
[2023-03-01T10:02:22.024+0300][gc,phases    ] GC(24)   Pre Evacuate Collection Set: 0,2ms
[2023-03-01T10:02:22.024+0300][gc,phases    ] GC(24)   Evacuate Collection Set: 12,4ms
[2023-03-01T10:02:22.024+0300][gc,phases    ] GC(24)   Post Evacuate Collection Set: 3,3ms
[2023-03-01T10:02:22.024+0300][gc,phases    ] GC(24)   Other: 1,8ms
[2023-03-01T10:02:22.024+0300][gc,heap      ] GC(24) Eden regions: 611->0(611)
[2023-03-01T10:02:22.024+0300][gc,heap      ] GC(24) Survivor regions: 3->3(77)
[2023-03-01T10:02:22.024+0300][gc,heap      ] GC(24) Old regions: 16->16
[2023-03-01T10:02:22.024+0300][gc,heap      ] GC(24) Archive regions: 0->0
[2023-03-01T10:02:22.024+0300][gc,heap      ] GC(24) Humongous regions: 129->129
[2023-03-01T10:02:22.024+0300][gc,metaspace ] GC(24) Metaspace: 54140K->54140K(1097728K)
[2023-03-01T10:02:22.025+0300][gc           ] GC(24) Pause Young (Normal) (G1 Evacuation Pause) 758M->147M(1024M) 19,007ms
[2023-03-01T10:02:22.026+0300][gc,cpu       ] GC(24) User=0,05s Sys=0,00s Real=0,02s
[2023-03-01T18:11:49.672+0300][gc,start     ] GC(25) Pause Young (Normal) (G1 Evacuation Pause)
[2023-03-01T18:11:49.672+0300][gc,task      ] GC(25) Using 4 workers of 4 for evacuation
[2023-03-01T18:11:49.685+0300][gc,phases    ] GC(25)   Pre Evacuate Collection Set: 0,1ms
[2023-03-01T18:11:49.685+0300][gc,phases    ] GC(25)   Evacuate Collection Set: 9,1ms
[2023-03-01T18:11:49.685+0300][gc,phases    ] GC(25)   Post Evacuate Collection Set: 3,4ms
[2023-03-01T18:11:49.686+0300][gc,phases    ] GC(25)   Other: 1,1ms
[2023-03-01T18:11:49.686+0300][gc,heap      ] GC(25) Eden regions: 611->0(611)
[2023-03-01T18:11:49.686+0300][gc,heap      ] GC(25) Survivor regions: 3->3(77)
[2023-03-01T18:11:49.686+0300][gc,heap      ] GC(25) Old regions: 16->16
[2023-03-01T18:11:49.686+0300][gc,heap      ] GC(25) Archive regions: 0->0
[2023-03-01T18:11:49.686+0300][gc,heap      ] GC(25) Humongous regions: 129->129
[2023-03-01T18:11:49.686+0300][gc,metaspace ] GC(25) Metaspace: 54142K->54142K(1097728K)
[2023-03-01T18:11:49.686+0300][gc           ] GC(25) Pause Young (Normal) (G1 Evacuation Pause) 758M->147M(1024M) 14,069ms
[2023-03-01T18:11:49.686+0300][gc,cpu       ] GC(25) User=0,04s Sys=0,00s Real=0,02s
[2023-03-02T02:21:11.244+0300][gc,start     ] GC(26) Pause Young (Normal) (G1 Evacuation Pause)
[2023-03-02T02:21:11.244+0300][gc,task      ] GC(26) Using 4 workers of 4 for evacuation
[2023-03-02T02:21:11.257+0300][gc,phases    ] GC(26)   Pre Evacuate Collection Set: 0,1ms
[2023-03-02T02:21:11.257+0300][gc,phases    ] GC(26)   Evacuate Collection Set: 8,7ms
[2023-03-02T02:21:11.257+0300][gc,phases    ] GC(26)   Post Evacuate Collection Set: 3,2ms
[2023-03-02T02:21:11.257+0300][gc,phases    ] GC(26)   Other: 0,8ms
[2023-03-02T02:21:11.257+0300][gc,heap      ] GC(26) Eden regions: 611->0(611)
[2023-03-02T02:21:11.258+0300][gc,heap      ] GC(26) Survivor regions: 3->3(77)
[2023-03-02T02:21:11.258+0300][gc,heap      ] GC(26) Old regions: 16->16
[2023-03-02T02:21:11.258+0300][gc,heap      ] GC(26) Archive regions: 0->0
[2023-03-02T02:21:11.258+0300][gc,heap      ] GC(26) Humongous regions: 129->129
[2023-03-02T02:21:11.258+0300][gc,metaspace ] GC(26) Metaspace: 54157K->54157K(1097728K)
[2023-03-02T02:21:11.258+0300][gc           ] GC(26) Pause Young (Normal) (G1 Evacuation Pause) 758M->147M(1024M) 13,264ms
[2023-03-02T02:21:11.258+0300][gc,cpu       ] GC(26) User=0,04s Sys=0,00s Real=0,02s
[2023-03-02T10:30:51.035+0300][gc,start     ] GC(27) Pause Young (Normal) (G1 Evacuation Pause)
[2023-03-02T10:30:51.035+0300][gc,task      ] GC(27) Using 4 workers of 4 for evacuation
[2023-03-02T10:30:51.049+0300][gc,phases    ] GC(27)   Pre Evacuate Collection Set: 0,1ms
[2023-03-02T10:30:51.049+0300][gc,phases    ] GC(27)   Evacuate Collection Set: 10,2ms
[2023-03-02T10:30:51.049+0300][gc,phases    ] GC(27)   Post Evacuate Collection Set: 2,9ms
[2023-03-02T10:30:51.050+0300][gc,phases    ] GC(27)   Other: 0,7ms
[2023-03-02T10:30:51.050+0300][gc,heap      ] GC(27) Eden regions: 611->0(611)
[2023-03-02T10:30:51.050+0300][gc,heap      ] GC(27) Survivor regions: 3->3(77)
[2023-03-02T10:30:51.050+0300][gc,heap      ] GC(27) Old regions: 16->16
[2023-03-02T10:30:51.050+0300][gc,heap      ] GC(27) Archive regions: 0->0
[2023-03-02T10:30:51.050+0300][gc,heap      ] GC(27) Humongous regions: 129->129
[2023-03-02T10:30:51.050+0300][gc,metaspace ] GC(27) Metaspace: 54158K->54158K(1097728K)
[2023-03-02T10:30:51.050+0300][gc           ] GC(27) Pause Young (Normal) (G1 Evacuation Pause) 758M->147M(1024M) 14,410ms
[2023-03-02T10:30:51.050+0300][gc,cpu       ] GC(27) User=0,05s Sys=0,00s Real=0,02s
[2023-03-02T18:40:19.754+0300][gc,start     ] GC(28) Pause Young (Normal) (G1 Evacuation Pause)
[2023-03-02T18:40:19.754+0300][gc,task      ] GC(28) Using 4 workers of 4 for evacuation
[2023-03-02T18:40:19.762+0300][gc,phases    ] GC(28)   Pre Evacuate Collection Set: 0,1ms
[2023-03-02T18:40:19.762+0300][gc,phases    ] GC(28)   Evacuate Collection Set: 6,5ms
[2023-03-02T18:40:19.762+0300][gc,phases    ] GC(28)   Post Evacuate Collection Set: 0,7ms
[2023-03-02T18:40:19.762+0300][gc,phases    ] GC(28)   Other: 0,9ms
[2023-03-02T18:40:19.762+0300][gc,heap      ] GC(28) Eden regions: 611->0(611)
[2023-03-02T18:40:19.762+0300][gc,heap      ] GC(28) Survivor regions: 3->3(77)
[2023-03-02T18:40:19.762+0300][gc,heap      ] GC(28) Old regions: 16->16
[2023-03-02T18:40:19.762+0300][gc,heap      ] GC(28) Archive regions: 0->0
[2023-03-02T18:40:19.762+0300][gc,heap      ] GC(28) Humongous regions: 129->129
[2023-03-02T18:40:19.762+0300][gc,metaspace ] GC(28) Metaspace: 54159K->54159K(1097728K)
[2023-03-02T18:40:19.762+0300][gc           ] GC(28) Pause Young (Normal) (G1 Evacuation Pause) 758M->147M(1024M) 8,236ms
[2023-03-02T18:40:19.762+0300][gc,cpu       ] GC(28) User=0,02s Sys=0,01s Real=0,01s
[2023-03-03T02:49:20.132+0300][gc,start     ] GC(29) Pause Young (Normal) (G1 Evacuation Pause)
[2023-03-03T02:49:20.132+0300][gc,task      ] GC(29) Using 4 workers of 4 for evacuation
[2023-03-03T02:49:20.139+0300][gc,phases    ] GC(29)   Pre Evacuate Collection Set: 0,2ms
[2023-03-03T02:49:20.139+0300][gc,phases    ] GC(29)   Evacuate Collection Set: 5,7ms
[2023-03-03T02:49:20.139+0300][gc,phases    ] GC(29)   Post Evacuate Collection Set: 1,0ms
[2023-03-03T02:49:20.139+0300][gc,phases    ] GC(29)   Other: 0,7ms
[2023-03-03T02:49:20.139+0300][gc,heap      ] GC(29) Eden regions: 611->0(611)
[2023-03-03T02:49:20.139+0300][gc,heap      ] GC(29) Survivor regions: 3->3(77)
[2023-03-03T02:49:20.139+0300][gc,heap      ] GC(29) Old regions: 16->16
[2023-03-03T02:49:20.139+0300][gc,heap      ] GC(29) Archive regions: 0->0
[2023-03-03T02:49:20.139+0300][gc,heap      ] GC(29) Humongous regions: 129->129
[2023-03-03T02:49:20.139+0300][gc,metaspace ] GC(29) Metaspace: 54176K->54176K(1097728K)
[2023-03-03T02:49:20.139+0300][gc           ] GC(29) Pause Young (Normal) (G1 Evacuation Pause) 758M->147M(1024M) 7,622ms
[2023-03-03T02:49:20.139+0300][gc,cpu       ] GC(29) User=0,02s Sys=0,00s Real=0,01s
[2023-03-03T10:59:35.844+0300][gc,start     ] GC(30) Pause Young (Normal) (G1 Evacuation Pause)
[2023-03-03T10:59:35.844+0300][gc,task      ] GC(30) Using 4 workers of 4 for evacuation
[2023-03-03T10:59:35.857+0300][gc,phases    ] GC(30)   Pre Evacuate Collection Set: 0,1ms
[2023-03-03T10:59:35.857+0300][gc,phases    ] GC(30)   Evacuate Collection Set: 9,8ms
[2023-03-03T10:59:35.857+0300][gc,phases    ] GC(30)   Post Evacuate Collection Set: 2,6ms
[2023-03-03T10:59:35.857+0300][gc,phases    ] GC(30)   Other: 0,7ms
[2023-03-03T10:59:35.857+0300][gc,heap      ] GC(30) Eden regions: 611->0(611)
[2023-03-03T10:59:35.857+0300][gc,heap      ] GC(30) Survivor regions: 3->3(77)
[2023-03-03T10:59:35.857+0300][gc,heap      ] GC(30) Old regions: 16->16
[2023-03-03T10:59:35.857+0300][gc,heap      ] GC(30) Archive regions: 0->0
[2023-03-03T10:59:35.857+0300][gc,heap      ] GC(30) Humongous regions: 129->129
[2023-03-03T10:59:35.858+0300][gc,metaspace ] GC(30) Metaspace: 54176K->54176K(1097728K)
[2023-03-03T10:59:35.858+0300][gc           ] GC(30) Pause Young (Normal) (G1 Evacuation Pause) 758M->147M(1024M) 13,718ms
[2023-03-03T10:59:35.858+0300][gc,cpu       ] GC(30) User=0,04s Sys=0,00s Real=0,02s
