[2023-02-08T16:08:33.977+0300][gc,heap] Heap region size: 1M
[2023-02-08T16:08:33.994+0300][gc     ] Using G1
[2023-02-08T16:08:33.994+0300][gc,heap,coops] Heap address: 0x00000000c0000000, size: 1024 MB, Compressed Oops mode: 32-bit
[2023-02-08T16:08:34.016+0300][gc           ] Periodic GC disabled
[2023-02-08T16:08:34.757+0300][gc,start     ] GC(0) Pause Young (Concurrent Start) (Metadata GC Threshold)
[2023-02-08T16:08:34.757+0300][gc,task      ] GC(0) Using 4 workers of 4 for evacuation
[2023-02-08T16:08:34.766+0300][gc,phases    ] GC(0)   Pre Evacuate Collection Set: 0,1ms
[2023-02-08T16:08:34.766+0300][gc,phases    ] GC(0)   Evacuate Collection Set: 7,4ms
[2023-02-08T16:08:34.766+0300][gc,phases    ] GC(0)   Post Evacuate Collection Set: 0,8ms
[2023-02-08T16:08:34.766+0300][gc,phases    ] GC(0)   Other: 0,8ms
[2023-02-08T16:08:34.766+0300][gc,heap      ] GC(0) Eden regions: 48->0(44)
[2023-02-08T16:08:34.766+0300][gc,heap      ] GC(0) Survivor regions: 0->7(7)
[2023-02-08T16:08:34.766+0300][gc,heap      ] GC(0) Old regions: 0->0
[2023-02-08T16:08:34.766+0300][gc,heap      ] GC(0) Archive regions: 0->0
[2023-02-08T16:08:34.766+0300][gc,heap      ] GC(0) Humongous regions: 0->0
[2023-02-08T16:08:34.766+0300][gc,metaspace ] GC(0) Metaspace: 20672K->20672K(1069056K)
[2023-02-08T16:08:34.766+0300][gc           ] GC(0) Pause Young (Concurrent Start) (Metadata GC Threshold) 48M->6M(1024M) 9,116ms
[2023-02-08T16:08:34.766+0300][gc,cpu       ] GC(0) User=0,01s Sys=0,00s Real=0,01s
[2023-02-08T16:08:34.766+0300][gc           ] GC(1) Concurrent Cycle
[2023-02-08T16:08:34.766+0300][gc,marking   ] GC(1) Concurrent Clear Claimed Marks
[2023-02-08T16:08:34.766+0300][gc,marking   ] GC(1) Concurrent Clear Claimed Marks 0,037ms
[2023-02-08T16:08:34.766+0300][gc,marking   ] GC(1) Concurrent Scan Root Regions
[2023-02-08T16:08:34.769+0300][gc,marking   ] GC(1) Concurrent Scan Root Regions 3,045ms
[2023-02-08T16:08:34.769+0300][gc,marking   ] GC(1) Concurrent Mark (0,798s)
[2023-02-08T16:08:34.769+0300][gc,marking   ] GC(1) Concurrent Mark From Roots
[2023-02-08T16:08:34.769+0300][gc,task      ] GC(1) Using 1 workers of 1 for marking
[2023-02-08T16:08:34.770+0300][gc,marking   ] GC(1) Concurrent Mark From Roots 1,090ms
[2023-02-08T16:08:34.770+0300][gc,marking   ] GC(1) Concurrent Preclean
[2023-02-08T16:08:34.770+0300][gc,marking   ] GC(1) Concurrent Preclean 0,072ms
[2023-02-08T16:08:34.770+0300][gc,marking   ] GC(1) Concurrent Mark (0,798s, 0,799s) 1,227ms
[2023-02-08T16:08:34.771+0300][gc,start     ] GC(1) Pause Remark
[2023-02-08T16:08:34.775+0300][gc           ] GC(1) Pause Remark 7M->7M(1024M) 3,958ms
[2023-02-08T16:08:34.775+0300][gc,cpu       ] GC(1) User=0,01s Sys=0,00s Real=0,00s
[2023-02-08T16:08:34.775+0300][gc,marking   ] GC(1) Concurrent Rebuild Remembered Sets
[2023-02-08T16:08:34.775+0300][gc,marking   ] GC(1) Concurrent Rebuild Remembered Sets 0,137ms
[2023-02-08T16:08:34.775+0300][gc,start     ] GC(1) Pause Cleanup
[2023-02-08T16:08:34.775+0300][gc           ] GC(1) Pause Cleanup 7M->7M(1024M) 0,142ms
[2023-02-08T16:08:34.775+0300][gc,cpu       ] GC(1) User=0,00s Sys=0,00s Real=0,00s
[2023-02-08T16:08:34.775+0300][gc,marking   ] GC(1) Concurrent Cleanup for Next Mark
[2023-02-08T16:08:34.788+0300][gc,marking   ] GC(1) Concurrent Cleanup for Next Mark 12,137ms
[2023-02-08T16:08:34.788+0300][gc           ] GC(1) Concurrent Cycle 21,724ms
[2023-02-08T16:08:35.519+0300][gc,start     ] GC(2) Pause Young (Normal) (G1 Evacuation Pause)
[2023-02-08T16:08:35.519+0300][gc,task      ] GC(2) Using 4 workers of 4 for evacuation
[2023-02-08T16:08:35.529+0300][gc,phases    ] GC(2)   Pre Evacuate Collection Set: 0,1ms
[2023-02-08T16:08:35.529+0300][gc,phases    ] GC(2)   Evacuate Collection Set: 9,0ms
[2023-02-08T16:08:35.529+0300][gc,phases    ] GC(2)   Post Evacuate Collection Set: 0,9ms
[2023-02-08T16:08:35.529+0300][gc,phases    ] GC(2)   Other: 0,2ms
[2023-02-08T16:08:35.529+0300][gc,heap      ] GC(2) Eden regions: 44->0(49)
[2023-02-08T16:08:35.529+0300][gc,heap      ] GC(2) Survivor regions: 7->2(7)
[2023-02-08T16:08:35.529+0300][gc,heap      ] GC(2) Old regions: 0->7
[2023-02-08T16:08:35.529+0300][gc,heap      ] GC(2) Archive regions: 0->0
[2023-02-08T16:08:35.529+0300][gc,heap      ] GC(2) Humongous regions: 0->0
[2023-02-08T16:08:35.529+0300][gc,metaspace ] GC(2) Metaspace: 29178K->29178K(1075200K)
[2023-02-08T16:08:35.529+0300][gc           ] GC(2) Pause Young (Normal) (G1 Evacuation Pause) 50M->7M(1024M) 10,319ms
[2023-02-08T16:08:35.529+0300][gc,cpu       ] GC(2) User=0,02s Sys=0,01s Real=0,01s
[2023-02-08T16:08:35.885+0300][gc,start     ] GC(3) Pause Young (Concurrent Start) (Metadata GC Threshold)
[2023-02-08T16:08:35.885+0300][gc,task      ] GC(3) Using 4 workers of 4 for evacuation
[2023-02-08T16:08:35.887+0300][gc,phases    ] GC(3)   Pre Evacuate Collection Set: 0,1ms
[2023-02-08T16:08:35.887+0300][gc,phases    ] GC(3)   Evacuate Collection Set: 1,8ms
[2023-02-08T16:08:35.887+0300][gc,phases    ] GC(3)   Post Evacuate Collection Set: 0,4ms
[2023-02-08T16:08:35.887+0300][gc,phases    ] GC(3)   Other: 0,2ms
[2023-02-08T16:08:35.887+0300][gc,heap      ] GC(3) Eden regions: 33->0(48)
[2023-02-08T16:08:35.887+0300][gc,heap      ] GC(3) Survivor regions: 2->3(7)
[2023-02-08T16:08:35.887+0300][gc,heap      ] GC(3) Old regions: 7->7
[2023-02-08T16:08:35.888+0300][gc,heap      ] GC(3) Archive regions: 0->0
[2023-02-08T16:08:35.888+0300][gc,heap      ] GC(3) Humongous regions: 129->129
[2023-02-08T16:08:35.888+0300][gc,metaspace ] GC(3) Metaspace: 34927K->34927K(1081344K)
[2023-02-08T16:08:35.888+0300][gc           ] GC(3) Pause Young (Concurrent Start) (Metadata GC Threshold) 169M->138M(1024M) 2,526ms
[2023-02-08T16:08:35.888+0300][gc,cpu       ] GC(3) User=0,01s Sys=0,00s Real=0,00s
[2023-02-08T16:08:35.888+0300][gc           ] GC(4) Concurrent Cycle
[2023-02-08T16:08:35.888+0300][gc,marking   ] GC(4) Concurrent Clear Claimed Marks
[2023-02-08T16:08:35.888+0300][gc,marking   ] GC(4) Concurrent Clear Claimed Marks 0,046ms
[2023-02-08T16:08:35.888+0300][gc,marking   ] GC(4) Concurrent Scan Root Regions
[2023-02-08T16:08:35.890+0300][gc,marking   ] GC(4) Concurrent Scan Root Regions 2,059ms
[2023-02-08T16:08:35.890+0300][gc,marking   ] GC(4) Concurrent Mark (1,918s)
[2023-02-08T16:08:35.890+0300][gc,marking   ] GC(4) Concurrent Mark From Roots
[2023-02-08T16:08:35.890+0300][gc,task      ] GC(4) Using 1 workers of 1 for marking
[2023-02-08T16:08:35.899+0300][gc,marking   ] GC(4) Concurrent Mark From Roots 9,583ms
[2023-02-08T16:08:35.899+0300][gc,marking   ] GC(4) Concurrent Preclean
[2023-02-08T16:08:35.899+0300][gc,marking   ] GC(4) Concurrent Preclean 0,109ms
[2023-02-08T16:08:35.899+0300][gc,marking   ] GC(4) Concurrent Mark (1,918s, 1,928s) 9,743ms
[2023-02-08T16:08:35.900+0300][gc,start     ] GC(4) Pause Remark
[2023-02-08T16:08:35.901+0300][gc           ] GC(4) Pause Remark 140M->140M(1024M) 1,453ms
[2023-02-08T16:08:35.901+0300][gc,cpu       ] GC(4) User=0,01s Sys=0,00s Real=0,00s
[2023-02-08T16:08:35.901+0300][gc,marking   ] GC(4) Concurrent Rebuild Remembered Sets
[2023-02-08T16:08:35.906+0300][gc,marking   ] GC(4) Concurrent Rebuild Remembered Sets 4,768ms
[2023-02-08T16:08:35.906+0300][gc,start     ] GC(4) Pause Cleanup
[2023-02-08T16:08:35.907+0300][gc           ] GC(4) Pause Cleanup 141M->141M(1024M) 0,126ms
[2023-02-08T16:08:35.907+0300][gc,cpu       ] GC(4) User=0,00s Sys=0,00s Real=0,00s
[2023-02-08T16:08:35.907+0300][gc,marking   ] GC(4) Concurrent Cleanup for Next Mark
[2023-02-08T16:08:35.916+0300][gc,marking   ] GC(4) Concurrent Cleanup for Next Mark 8,901ms
[2023-02-08T16:08:35.916+0300][gc           ] GC(4) Concurrent Cycle 28,041ms
[2023-02-08T16:08:36.554+0300][gc,start     ] GC(5) Pause Young (Normal) (G1 Evacuation Pause)
[2023-02-08T16:08:36.554+0300][gc,task      ] GC(5) Using 4 workers of 4 for evacuation
[2023-02-08T16:08:36.564+0300][gc,phases    ] GC(5)   Pre Evacuate Collection Set: 0,1ms
[2023-02-08T16:08:36.564+0300][gc,phases    ] GC(5)   Evacuate Collection Set: 8,8ms
[2023-02-08T16:08:36.564+0300][gc,phases    ] GC(5)   Post Evacuate Collection Set: 0,6ms
[2023-02-08T16:08:36.564+0300][gc,phases    ] GC(5)   Other: 0,5ms
[2023-02-08T16:08:36.564+0300][gc,heap      ] GC(5) Eden regions: 48->0(44)
[2023-02-08T16:08:36.564+0300][gc,heap      ] GC(5) Survivor regions: 3->7(7)
[2023-02-08T16:08:36.564+0300][gc,heap      ] GC(5) Old regions: 7->7
[2023-02-08T16:08:36.564+0300][gc,heap      ] GC(5) Archive regions: 0->0
[2023-02-08T16:08:36.564+0300][gc,heap      ] GC(5) Humongous regions: 129->129
[2023-02-08T16:08:36.564+0300][gc,metaspace ] GC(5) Metaspace: 42538K->42538K(1087488K)
[2023-02-08T16:08:36.564+0300][gc           ] GC(5) Pause Young (Normal) (G1 Evacuation Pause) 186M->141M(1024M) 10,203ms
[2023-02-08T16:08:36.564+0300][gc,cpu       ] GC(5) User=0,02s Sys=0,00s Real=0,01s
[2023-02-08T17:20:35.951+0300][gc,start     ] GC(6) Pause Young (Normal) (G1 Evacuation Pause)
[2023-02-08T17:20:35.951+0300][gc,task      ] GC(6) Using 4 workers of 4 for evacuation
[2023-02-08T17:20:35.971+0300][gc,phases    ] GC(6)   Pre Evacuate Collection Set: 0,1ms
[2023-02-08T17:20:35.971+0300][gc,phases    ] GC(6)   Evacuate Collection Set: 17,0ms
[2023-02-08T17:20:35.971+0300][gc,phases    ] GC(6)   Post Evacuate Collection Set: 1,8ms
[2023-02-08T17:20:35.971+0300][gc,phases    ] GC(6)   Other: 0,9ms
[2023-02-08T17:20:35.971+0300][gc,heap      ] GC(6) Eden regions: 44->0(46)
[2023-02-08T17:20:35.971+0300][gc,heap      ] GC(6) Survivor regions: 7->5(7)
[2023-02-08T17:20:35.971+0300][gc,heap      ] GC(6) Old regions: 7->10
[2023-02-08T17:20:35.971+0300][gc,heap      ] GC(6) Archive regions: 0->0
[2023-02-08T17:20:35.971+0300][gc,heap      ] GC(6) Humongous regions: 129->129
[2023-02-08T17:20:35.971+0300][gc,metaspace ] GC(6) Metaspace: 45500K->45500K(1089536K)
[2023-02-08T17:20:35.971+0300][gc           ] GC(6) Pause Young (Normal) (G1 Evacuation Pause) 185M->142M(1024M) 20,241ms
[2023-02-08T17:20:35.971+0300][gc,cpu       ] GC(6) User=0,05s Sys=0,00s Real=0,02s
[2023-02-08T19:18:05.621+0300][gc,start     ] GC(7) Pause Young (Normal) (G1 Evacuation Pause)
[2023-02-08T19:18:05.621+0300][gc,task      ] GC(7) Using 4 workers of 4 for evacuation
[2023-02-08T19:18:05.628+0300][gc,phases    ] GC(7)   Pre Evacuate Collection Set: 0,1ms
[2023-02-08T19:18:05.628+0300][gc,phases    ] GC(7)   Evacuate Collection Set: 5,6ms
[2023-02-08T19:18:05.628+0300][gc,phases    ] GC(7)   Post Evacuate Collection Set: 1,5ms
[2023-02-08T19:18:05.628+0300][gc,phases    ] GC(7)   Other: 0,3ms
[2023-02-08T19:18:05.628+0300][gc,heap      ] GC(7) Eden regions: 46->0(50)
[2023-02-08T19:18:05.628+0300][gc,heap      ] GC(7) Survivor regions: 5->1(7)
[2023-02-08T19:18:05.628+0300][gc,heap      ] GC(7) Old regions: 10->13
[2023-02-08T19:18:05.628+0300][gc,heap      ] GC(7) Archive regions: 0->0
[2023-02-08T19:18:05.628+0300][gc,heap      ] GC(7) Humongous regions: 129->129
[2023-02-08T19:18:05.628+0300][gc,metaspace ] GC(7) Metaspace: 45661K->45661K(1091584K)
[2023-02-08T19:18:05.628+0300][gc           ] GC(7) Pause Young (Normal) (G1 Evacuation Pause) 188M->142M(1024M) 7,648ms
[2023-02-08T19:18:05.628+0300][gc,cpu       ] GC(7) User=0,02s Sys=0,00s Real=0,00s
[2023-02-08T21:30:55.042+0300][gc,start     ] GC(8) Pause Young (Normal) (G1 Evacuation Pause)
[2023-02-08T21:30:55.042+0300][gc,task      ] GC(8) Using 4 workers of 4 for evacuation
[2023-02-08T21:30:55.049+0300][gc,phases    ] GC(8)   Pre Evacuate Collection Set: 0,1ms
[2023-02-08T21:30:55.049+0300][gc,phases    ] GC(8)   Evacuate Collection Set: 4,0ms
[2023-02-08T21:30:55.049+0300][gc,phases    ] GC(8)   Post Evacuate Collection Set: 2,1ms
[2023-02-08T21:30:55.049+0300][gc,phases    ] GC(8)   Other: 0,6ms
[2023-02-08T21:30:55.049+0300][gc,heap      ] GC(8) Eden regions: 50->0(50)
[2023-02-08T21:30:55.049+0300][gc,heap      ] GC(8) Survivor regions: 1->1(7)
[2023-02-08T21:30:55.049+0300][gc,heap      ] GC(8) Old regions: 13->13
[2023-02-08T21:30:55.049+0300][gc,heap      ] GC(8) Archive regions: 0->0
[2023-02-08T21:30:55.049+0300][gc,heap      ] GC(8) Humongous regions: 129->129
[2023-02-08T21:30:55.049+0300][gc,metaspace ] GC(8) Metaspace: 45755K->45755K(1091584K)
[2023-02-08T21:30:55.049+0300][gc           ] GC(8) Pause Young (Normal) (G1 Evacuation Pause) 192M->142M(1024M) 7,237ms
[2023-02-08T21:30:55.050+0300][gc,cpu       ] GC(8) User=0,01s Sys=0,00s Real=0,01s
[2023-02-08T23:45:51.608+0300][gc,start     ] GC(9) Pause Young (Normal) (G1 Evacuation Pause)
[2023-02-08T23:45:51.608+0300][gc,task      ] GC(9) Using 4 workers of 4 for evacuation
[2023-02-08T23:45:51.614+0300][gc,phases    ] GC(9)   Pre Evacuate Collection Set: 0,1ms
[2023-02-08T23:45:51.614+0300][gc,phases    ] GC(9)   Evacuate Collection Set: 3,2ms
[2023-02-08T23:45:51.614+0300][gc,phases    ] GC(9)   Post Evacuate Collection Set: 1,3ms
[2023-02-08T23:45:51.614+0300][gc,phases    ] GC(9)   Other: 0,7ms
[2023-02-08T23:45:51.614+0300][gc,heap      ] GC(9) Eden regions: 50->0(50)
[2023-02-08T23:45:51.614+0300][gc,heap      ] GC(9) Survivor regions: 1->1(7)
[2023-02-08T23:45:51.614+0300][gc,heap      ] GC(9) Old regions: 13->13
[2023-02-08T23:45:51.614+0300][gc,heap      ] GC(9) Archive regions: 0->0
[2023-02-08T23:45:51.614+0300][gc,heap      ] GC(9) Humongous regions: 129->129
[2023-02-08T23:45:51.614+0300][gc,metaspace ] GC(9) Metaspace: 45810K->45810K(1091584K)
[2023-02-08T23:45:51.614+0300][gc           ] GC(9) Pause Young (Normal) (G1 Evacuation Pause) 192M->142M(1024M) 5,624ms
[2023-02-08T23:45:51.614+0300][gc,cpu       ] GC(9) User=0,02s Sys=0,00s Real=0,01s
[2023-02-09T01:59:16.354+0300][gc,start     ] GC(10) Pause Young (Normal) (G1 Evacuation Pause)
[2023-02-09T01:59:16.354+0300][gc,task      ] GC(10) Using 4 workers of 4 for evacuation
[2023-02-09T01:59:16.359+0300][gc,phases    ] GC(10)   Pre Evacuate Collection Set: 0,1ms
[2023-02-09T01:59:16.359+0300][gc,phases    ] GC(10)   Evacuate Collection Set: 3,3ms
[2023-02-09T01:59:16.359+0300][gc,phases    ] GC(10)   Post Evacuate Collection Set: 1,3ms
[2023-02-09T01:59:16.360+0300][gc,phases    ] GC(10)   Other: 0,5ms
[2023-02-09T01:59:16.360+0300][gc,heap      ] GC(10) Eden regions: 50->0(51)
[2023-02-09T01:59:16.360+0300][gc,heap      ] GC(10) Survivor regions: 1->1(7)
[2023-02-09T01:59:16.360+0300][gc,heap      ] GC(10) Old regions: 13->13
[2023-02-09T01:59:16.360+0300][gc,heap      ] GC(10) Archive regions: 0->0
[2023-02-09T01:59:16.360+0300][gc,heap      ] GC(10) Humongous regions: 129->129
[2023-02-09T01:59:16.360+0300][gc,metaspace ] GC(10) Metaspace: 45834K->45834K(1091584K)
[2023-02-09T01:59:16.360+0300][gc           ] GC(10) Pause Young (Normal) (G1 Evacuation Pause) 192M->142M(1024M) 5,624ms
[2023-02-09T01:59:16.360+0300][gc,cpu       ] GC(10) User=0,01s Sys=0,00s Real=0,01s
[2023-02-09T04:17:01.737+0300][gc,start     ] GC(11) Pause Young (Normal) (G1 Evacuation Pause)
[2023-02-09T04:17:01.738+0300][gc,task      ] GC(11) Using 4 workers of 4 for evacuation
[2023-02-09T04:17:01.742+0300][gc,phases    ] GC(11)   Pre Evacuate Collection Set: 0,1ms
[2023-02-09T04:17:01.743+0300][gc,phases    ] GC(11)   Evacuate Collection Set: 3,2ms
[2023-02-09T04:17:01.743+0300][gc,phases    ] GC(11)   Post Evacuate Collection Set: 1,2ms
[2023-02-09T04:17:01.743+0300][gc,phases    ] GC(11)   Other: 0,5ms
[2023-02-09T04:17:01.743+0300][gc,heap      ] GC(11) Eden regions: 51->0(52)
[2023-02-09T04:17:01.743+0300][gc,heap      ] GC(11) Survivor regions: 1->1(7)
[2023-02-09T04:17:01.743+0300][gc,heap      ] GC(11) Old regions: 13->13
[2023-02-09T04:17:01.743+0300][gc,heap      ] GC(11) Archive regions: 0->0
[2023-02-09T04:17:01.743+0300][gc,heap      ] GC(11) Humongous regions: 129->129
[2023-02-09T04:17:01.743+0300][gc,metaspace ] GC(11) Metaspace: 45843K->45843K(1091584K)
[2023-02-09T04:17:01.743+0300][gc           ] GC(11) Pause Young (Normal) (G1 Evacuation Pause) 193M->142M(1024M) 5,486ms
[2023-02-09T04:17:01.743+0300][gc,cpu       ] GC(11) User=0,02s Sys=0,00s Real=0,00s
[2023-02-09T06:37:07.529+0300][gc,start     ] GC(12) Pause Young (Normal) (G1 Evacuation Pause)
[2023-02-09T06:37:07.530+0300][gc,task      ] GC(12) Using 4 workers of 4 for evacuation
[2023-02-09T06:37:07.536+0300][gc,phases    ] GC(12)   Pre Evacuate Collection Set: 0,1ms
[2023-02-09T06:37:07.536+0300][gc,phases    ] GC(12)   Evacuate Collection Set: 3,3ms
[2023-02-09T06:37:07.536+0300][gc,phases    ] GC(12)   Post Evacuate Collection Set: 2,5ms
[2023-02-09T06:37:07.536+0300][gc,phases    ] GC(12)   Other: 0,5ms
[2023-02-09T06:37:07.536+0300][gc,heap      ] GC(12) Eden regions: 52->0(53)
[2023-02-09T06:37:07.536+0300][gc,heap      ] GC(12) Survivor regions: 1->1(7)
[2023-02-09T06:37:07.536+0300][gc,heap      ] GC(12) Old regions: 13->13
[2023-02-09T06:37:07.536+0300][gc,heap      ] GC(12) Archive regions: 0->0
[2023-02-09T06:37:07.536+0300][gc,heap      ] GC(12) Humongous regions: 129->129
[2023-02-09T06:37:07.536+0300][gc,metaspace ] GC(12) Metaspace: 45854K->45854K(1091584K)
[2023-02-09T06:37:07.536+0300][gc           ] GC(12) Pause Young (Normal) (G1 Evacuation Pause) 194M->142M(1024M) 6,620ms
[2023-02-09T06:37:07.536+0300][gc,cpu       ] GC(12) User=0,02s Sys=0,00s Real=0,00s
[2023-02-09T08:05:10.373+0300][gc,heap,exit ] Heap
[2023-02-09T08:05:10.373+0300][gc,heap,exit ]  garbage-first heap   total 1048576K, used 188568K [0x00000000c0000000, 0x0000000100000000)
[2023-02-09T08:05:10.373+0300][gc,heap,exit ]   region size 1024K, 44 young (45056K), 1 survivors (1024K)
[2023-02-09T08:05:10.373+0300][gc,heap,exit ]  Metaspace       used 46769K, capacity 48529K, committed 48768K, reserved 1091584K
[2023-02-09T08:05:10.373+0300][gc,heap,exit ]   class space    used 5665K, capacity 6435K, committed 6528K, reserved 1048576K
