[2023-02-08T16:11:24.881+0300][gc,heap] Heap region size: 1M
[2023-02-08T16:11:24.890+0300][gc     ] Using G1
[2023-02-08T16:11:24.890+0300][gc,heap,coops] Heap address: 0x00000000c0000000, size: 1024 MB, Compressed Oops mode: 32-bit
[2023-02-08T16:11:24.909+0300][gc           ] Periodic GC disabled
[2023-02-08T16:11:25.661+0300][gc,start     ] GC(0) Pause Young (Concurrent Start) (Metadata GC Threshold)
[2023-02-08T16:11:25.661+0300][gc,task      ] GC(0) Using 4 workers of 4 for evacuation
[2023-02-08T16:11:25.669+0300][gc,phases    ] GC(0)   Pre Evacuate Collection Set: 0,1ms
[2023-02-08T16:11:25.669+0300][gc,phases    ] GC(0)   Evacuate Collection Set: 7,1ms
[2023-02-08T16:11:25.669+0300][gc,phases    ] GC(0)   Post Evacuate Collection Set: 0,5ms
[2023-02-08T16:11:25.669+0300][gc,phases    ] GC(0)   Other: 0,5ms
[2023-02-08T16:11:25.669+0300][gc,heap      ] GC(0) Eden regions: 48->0(44)
[2023-02-08T16:11:25.669+0300][gc,heap      ] GC(0) Survivor regions: 0->7(7)
[2023-02-08T16:11:25.669+0300][gc,heap      ] GC(0) Old regions: 0->0
[2023-02-08T16:11:25.669+0300][gc,heap      ] GC(0) Archive regions: 0->0
[2023-02-08T16:11:25.669+0300][gc,heap      ] GC(0) Humongous regions: 0->0
[2023-02-08T16:11:25.669+0300][gc,metaspace ] GC(0) Metaspace: 20590K->20590K(1069056K)
[2023-02-08T16:11:25.669+0300][gc           ] GC(0) Pause Young (Concurrent Start) (Metadata GC Threshold) 47M->6M(1024M) 8,223ms
[2023-02-08T16:11:25.669+0300][gc,cpu       ] GC(0) User=0,01s Sys=0,01s Real=0,01s
[2023-02-08T16:11:25.669+0300][gc           ] GC(1) Concurrent Cycle
[2023-02-08T16:11:25.669+0300][gc,marking   ] GC(1) Concurrent Clear Claimed Marks
[2023-02-08T16:11:25.669+0300][gc,marking   ] GC(1) Concurrent Clear Claimed Marks 0,024ms
[2023-02-08T16:11:25.669+0300][gc,marking   ] GC(1) Concurrent Scan Root Regions
[2023-02-08T16:11:25.672+0300][gc,marking   ] GC(1) Concurrent Scan Root Regions 2,560ms
[2023-02-08T16:11:25.672+0300][gc,marking   ] GC(1) Concurrent Mark (0,793s)
[2023-02-08T16:11:25.672+0300][gc,marking   ] GC(1) Concurrent Mark From Roots
[2023-02-08T16:11:25.672+0300][gc,task      ] GC(1) Using 1 workers of 1 for marking
[2023-02-08T16:11:25.673+0300][gc,marking   ] GC(1) Concurrent Mark From Roots 0,911ms
[2023-02-08T16:11:25.673+0300][gc,marking   ] GC(1) Concurrent Preclean
[2023-02-08T16:11:25.673+0300][gc,marking   ] GC(1) Concurrent Preclean 0,068ms
[2023-02-08T16:11:25.673+0300][gc,marking   ] GC(1) Concurrent Mark (0,793s, 0,794s) 1,020ms
[2023-02-08T16:11:25.673+0300][gc,start     ] GC(1) Pause Remark
[2023-02-08T16:11:25.674+0300][gc           ] GC(1) Pause Remark 7M->7M(1024M) 0,848ms
[2023-02-08T16:11:25.674+0300][gc,cpu       ] GC(1) User=0,00s Sys=0,00s Real=0,00s
[2023-02-08T16:11:25.674+0300][gc,marking   ] GC(1) Concurrent Rebuild Remembered Sets
[2023-02-08T16:11:25.674+0300][gc,marking   ] GC(1) Concurrent Rebuild Remembered Sets 0,069ms
[2023-02-08T16:11:25.674+0300][gc,start     ] GC(1) Pause Cleanup
[2023-02-08T16:11:25.674+0300][gc           ] GC(1) Pause Cleanup 7M->7M(1024M) 0,116ms
[2023-02-08T16:11:25.674+0300][gc,cpu       ] GC(1) User=0,00s Sys=0,00s Real=0,00s
[2023-02-08T16:11:25.674+0300][gc,marking   ] GC(1) Concurrent Cleanup for Next Mark
[2023-02-08T16:11:25.688+0300][gc,marking   ] GC(1) Concurrent Cleanup for Next Mark 13,205ms
[2023-02-08T16:11:25.688+0300][gc           ] GC(1) Concurrent Cycle 18,727ms
[2023-02-08T16:11:26.283+0300][gc,start     ] GC(2) Pause Young (Normal) (G1 Evacuation Pause)
[2023-02-08T16:11:26.283+0300][gc,task      ] GC(2) Using 4 workers of 4 for evacuation
[2023-02-08T16:11:26.294+0300][gc,phases    ] GC(2)   Pre Evacuate Collection Set: 0,1ms
[2023-02-08T16:11:26.294+0300][gc,phases    ] GC(2)   Evacuate Collection Set: 9,4ms
[2023-02-08T16:11:26.294+0300][gc,phases    ] GC(2)   Post Evacuate Collection Set: 0,8ms
[2023-02-08T16:11:26.294+0300][gc,phases    ] GC(2)   Other: 0,2ms
[2023-02-08T16:11:26.294+0300][gc,heap      ] GC(2) Eden regions: 44->0(49)
[2023-02-08T16:11:26.294+0300][gc,heap      ] GC(2) Survivor regions: 7->2(7)
[2023-02-08T16:11:26.294+0300][gc,heap      ] GC(2) Old regions: 0->7
[2023-02-08T16:11:26.294+0300][gc,heap      ] GC(2) Archive regions: 0->0
[2023-02-08T16:11:26.294+0300][gc,heap      ] GC(2) Humongous regions: 0->0
[2023-02-08T16:11:26.294+0300][gc,metaspace ] GC(2) Metaspace: 29247K->29247K(1075200K)
[2023-02-08T16:11:26.294+0300][gc           ] GC(2) Pause Young (Normal) (G1 Evacuation Pause) 50M->8M(1024M) 10,687ms
[2023-02-08T16:11:26.294+0300][gc,cpu       ] GC(2) User=0,02s Sys=0,00s Real=0,01s
[2023-02-08T16:11:26.461+0300][gc,heap,exit ] Heap
[2023-02-08T16:11:26.461+0300][gc,heap,exit ]  garbage-first heap   total 1048576K, used 11370K [0x00000000c0000000, 0x0000000100000000)
[2023-02-08T16:11:26.461+0300][gc,heap,exit ]   region size 1024K, 6 young (6144K), 2 survivors (2048K)
[2023-02-08T16:11:26.461+0300][gc,heap,exit ]  Metaspace       used 29597K, capacity 30253K, committed 30336K, reserved 1075200K
[2023-02-08T16:11:26.461+0300][gc,heap,exit ]   class space    used 3651K, capacity 3908K, committed 3968K, reserved 1048576K
