[2023-02-08T16:10:51.317+0300][gc,heap] Heap region size: 1M
[2023-02-08T16:10:51.322+0300][gc     ] Using G1
[2023-02-08T16:10:51.322+0300][gc,heap,coops] Heap address: 0x00000000e0000000, size: 512 MB, Compressed Oops mode: 32-bit
[2023-02-08T16:10:51.346+0300][gc           ] Periodic GC disabled
[2023-02-08T16:10:51.901+0300][gc,start     ] GC(0) Pause Young (Normal) (G1 Evacuation Pause)
[2023-02-08T16:10:51.904+0300][gc,task      ] GC(0) Using 4 workers of 4 for evacuation
[2023-02-08T16:10:51.919+0300][gc,phases    ] GC(0)   Pre Evacuate Collection Set: 0,1ms
[2023-02-08T16:10:51.919+0300][gc,phases    ] GC(0)   Evacuate Collection Set: 13,6ms
[2023-02-08T16:10:51.919+0300][gc,phases    ] GC(0)   Post Evacuate Collection Set: 0,6ms
[2023-02-08T16:10:51.919+0300][gc,phases    ] GC(0)   Other: 3,0ms
[2023-02-08T16:10:51.919+0300][gc,heap      ] GC(0) Eden regions: 25->0(21)
[2023-02-08T16:10:51.919+0300][gc,heap      ] GC(0) Survivor regions: 0->4(4)
[2023-02-08T16:10:51.919+0300][gc,heap      ] GC(0) Old regions: 0->4
[2023-02-08T16:10:51.919+0300][gc,heap      ] GC(0) Archive regions: 0->0
[2023-02-08T16:10:51.919+0300][gc,heap      ] GC(0) Humongous regions: 0->0
[2023-02-08T16:10:51.919+0300][gc,metaspace ] GC(0) Metaspace: 14954K->14954K(1062912K)
[2023-02-08T16:10:51.919+0300][gc           ] GC(0) Pause Young (Normal) (G1 Evacuation Pause) 25M->7M(512M) 17,487ms
[2023-02-08T16:10:51.919+0300][gc,cpu       ] GC(0) User=0,02s Sys=0,00s Real=0,02s
[2023-02-08T16:10:51.932+0300][gc,heap,exit ] Heap
[2023-02-08T16:10:51.932+0300][gc,heap,exit ]  garbage-first heap   total 524288K, used 7258K [0x00000000e0000000, 0x0000000100000000)
[2023-02-08T16:10:51.932+0300][gc,heap,exit ]   region size 1024K, 5 young (5120K), 4 survivors (4096K)
[2023-02-08T16:10:51.932+0300][gc,heap,exit ]  Metaspace       used 14987K, capacity 15355K, committed 15488K, reserved 1062912K
[2023-02-08T16:10:51.932+0300][gc,heap,exit ]   class space    used 1488K, capacity 1589K, committed 1664K, reserved 1048576K
