[2023-02-08T16:07:14.147+0300][gc,heap] Heap region size: 1M
[2023-02-08T16:07:14.152+0300][gc     ] Using G1
[2023-02-08T16:07:14.152+0300][gc,heap,coops] Heap address: 0x00000000e0000000, size: 512 MB, Compressed Oops mode: 32-bit
[2023-02-08T16:07:14.176+0300][gc           ] Periodic GC disabled
[2023-02-08T16:07:14.986+0300][gc,start     ] GC(0) Pause Young (Normal) (G1 Evacuation Pause)
[2023-02-08T16:07:14.987+0300][gc,task      ] GC(0) Using 4 workers of 4 for evacuation
[2023-02-08T16:07:14.997+0300][gc,phases    ] GC(0)   Pre Evacuate Collection Set: 0,0ms
[2023-02-08T16:07:14.997+0300][gc,phases    ] GC(0)   Evacuate Collection Set: 9,8ms
[2023-02-08T16:07:14.997+0300][gc,phases    ] GC(0)   Post Evacuate Collection Set: 0,5ms
[2023-02-08T16:07:14.997+0300][gc,phases    ] GC(0)   Other: 1,4ms
[2023-02-08T16:07:14.997+0300][gc,heap      ] GC(0) Eden regions: 25->0(21)
[2023-02-08T16:07:14.997+0300][gc,heap      ] GC(0) Survivor regions: 0->4(4)
[2023-02-08T16:07:14.997+0300][gc,heap      ] GC(0) Old regions: 0->4
[2023-02-08T16:07:14.997+0300][gc,heap      ] GC(0) Archive regions: 0->0
[2023-02-08T16:07:14.997+0300][gc,heap      ] GC(0) Humongous regions: 0->0
[2023-02-08T16:07:14.997+0300][gc,metaspace ] GC(0) Metaspace: 15004K->15004K(1062912K)
[2023-02-08T16:07:14.997+0300][gc           ] GC(0) Pause Young (Normal) (G1 Evacuation Pause) 25M->7M(512M) 11,858ms
[2023-02-08T16:07:14.997+0300][gc,cpu       ] GC(0) User=0,01s Sys=0,00s Real=0,02s
[2023-02-08T19:00:20.791+0300][gc,start     ] GC(1) Pause Young (Normal) (G1 Evacuation Pause)
[2023-02-08T19:00:20.791+0300][gc,task      ] GC(1) Using 4 workers of 4 for evacuation
[2023-02-08T19:00:20.805+0300][gc,phases    ] GC(1)   Pre Evacuate Collection Set: 0,0ms
[2023-02-08T19:00:20.805+0300][gc,phases    ] GC(1)   Evacuate Collection Set: 13,1ms
[2023-02-08T19:00:20.805+0300][gc,phases    ] GC(1)   Post Evacuate Collection Set: 0,9ms
[2023-02-08T19:00:20.806+0300][gc,phases    ] GC(1)   Other: 0,6ms
[2023-02-08T19:00:20.806+0300][gc,heap      ] GC(1) Eden regions: 21->0(24)
[2023-02-08T19:00:20.806+0300][gc,heap      ] GC(1) Survivor regions: 4->1(4)
[2023-02-08T19:00:20.806+0300][gc,heap      ] GC(1) Old regions: 4->8
[2023-02-08T19:00:20.806+0300][gc,heap      ] GC(1) Archive regions: 0->0
[2023-02-08T19:00:20.806+0300][gc,heap      ] GC(1) Humongous regions: 0->0
[2023-02-08T19:00:20.806+0300][gc,metaspace ] GC(1) Metaspace: 17081K->17081K(1064960K)
[2023-02-08T19:00:20.806+0300][gc           ] GC(1) Pause Young (Normal) (G1 Evacuation Pause) 28M->7M(512M) 14,878ms
[2023-02-08T19:00:20.806+0300][gc,cpu       ] GC(1) User=0,05s Sys=0,00s Real=0,01s
[2023-02-09T02:33:11.930+0300][gc,start     ] GC(2) Pause Young (Normal) (G1 Evacuation Pause)
[2023-02-09T02:33:11.930+0300][gc,task      ] GC(2) Using 4 workers of 4 for evacuation
[2023-02-09T02:33:11.934+0300][gc,phases    ] GC(2)   Pre Evacuate Collection Set: 0,1ms
[2023-02-09T02:33:11.934+0300][gc,phases    ] GC(2)   Evacuate Collection Set: 2,7ms
[2023-02-09T02:33:11.934+0300][gc,phases    ] GC(2)   Post Evacuate Collection Set: 0,8ms
[2023-02-09T02:33:11.934+0300][gc,phases    ] GC(2)   Other: 0,3ms
[2023-02-09T02:33:11.934+0300][gc,heap      ] GC(2) Eden regions: 24->0(24)
[2023-02-09T02:33:11.934+0300][gc,heap      ] GC(2) Survivor regions: 1->1(4)
[2023-02-09T02:33:11.934+0300][gc,heap      ] GC(2) Old regions: 8->8
[2023-02-09T02:33:11.934+0300][gc,heap      ] GC(2) Archive regions: 0->0
[2023-02-09T02:33:11.934+0300][gc,heap      ] GC(2) Humongous regions: 0->0
[2023-02-09T02:33:11.934+0300][gc,metaspace ] GC(2) Metaspace: 17094K->17094K(1064960K)
[2023-02-09T02:33:11.934+0300][gc           ] GC(2) Pause Young (Normal) (G1 Evacuation Pause) 31M->7M(512M) 4,282ms
[2023-02-09T02:33:11.934+0300][gc,cpu       ] GC(2) User=0,01s Sys=0,00s Real=0,00s
[2023-02-09T08:05:06.468+0300][gc,heap,exit ] Heap
[2023-02-09T08:05:06.468+0300][gc,heap,exit ]  garbage-first heap   total 524288K, used 25426K [0x00000000e0000000, 0x0000000100000000)
[2023-02-09T08:05:06.469+0300][gc,heap,exit ]   region size 1024K, 19 young (19456K), 1 survivors (1024K)
[2023-02-09T08:05:06.469+0300][gc,heap,exit ]  Metaspace       used 17105K, capacity 17482K, committed 17664K, reserved 1064960K
[2023-02-09T08:05:06.469+0300][gc,heap,exit ]   class space    used 1653K, capacity 1788K, committed 1792K, reserved 1048576K
