[2023-02-27T09:13:34.401+0300][gc,heap] Heap region size: 1M
[2023-02-27T09:13:34.410+0300][gc     ] Using G1
[2023-02-27T09:13:34.410+0300][gc,heap,coops] Heap address: 0x00000000e0000000, size: 512 MB, Compressed Oops mode: 32-bit
[2023-02-27T09:13:34.436+0300][gc           ] Periodic GC disabled
[2023-02-27T09:13:35.095+0300][gc,start     ] GC(0) Pause Young (Normal) (G1 Evacuation Pause)
[2023-02-27T09:13:35.096+0300][gc,task      ] GC(0) Using 4 workers of 4 for evacuation
[2023-02-27T09:13:35.100+0300][gc,phases    ] GC(0)   Pre Evacuate Collection Set: 0,0ms
[2023-02-27T09:13:35.100+0300][gc,phases    ] GC(0)   Evacuate Collection Set: 3,9ms
[2023-02-27T09:13:35.100+0300][gc,phases    ] GC(0)   Post Evacuate Collection Set: 0,3ms
[2023-02-27T09:13:35.100+0300][gc,phases    ] GC(0)   Other: 1,3ms
[2023-02-27T09:13:35.100+0300][gc,heap      ] GC(0) Eden regions: 25->0(21)
[2023-02-27T09:13:35.100+0300][gc,heap      ] GC(0) Survivor regions: 0->4(4)
[2023-02-27T09:13:35.100+0300][gc,heap      ] GC(0) Old regions: 0->4
[2023-02-27T09:13:35.100+0300][gc,heap      ] GC(0) Archive regions: 0->0
[2023-02-27T09:13:35.100+0300][gc,heap      ] GC(0) Humongous regions: 0->0
[2023-02-27T09:13:35.100+0300][gc,metaspace ] GC(0) Metaspace: 15026K->15026K(1062912K)
[2023-02-27T09:13:35.100+0300][gc           ] GC(0) Pause Young (Normal) (G1 Evacuation Pause) 25M->7M(512M) 5,630ms
[2023-02-27T09:13:35.100+0300][gc,cpu       ] GC(0) User=0,01s Sys=0,01s Real=0,01s
[2023-02-27T11:33:05.815+0300][gc,start     ] GC(1) Pause Young (Normal) (G1 Evacuation Pause)
[2023-02-27T11:33:05.815+0300][gc,task      ] GC(1) Using 4 workers of 4 for evacuation
[2023-02-27T11:33:05.827+0300][gc,phases    ] GC(1)   Pre Evacuate Collection Set: 0,0ms
[2023-02-27T11:33:05.827+0300][gc,phases    ] GC(1)   Evacuate Collection Set: 11,4ms
[2023-02-27T11:33:05.827+0300][gc,phases    ] GC(1)   Post Evacuate Collection Set: 0,8ms
[2023-02-27T11:33:05.827+0300][gc,phases    ] GC(1)   Other: 0,3ms
[2023-02-27T11:33:05.827+0300][gc,heap      ] GC(1) Eden regions: 21->0(24)
[2023-02-27T11:33:05.827+0300][gc,heap      ] GC(1) Survivor regions: 4->1(4)
[2023-02-27T11:33:05.827+0300][gc,heap      ] GC(1) Old regions: 4->8
[2023-02-27T11:33:05.827+0300][gc,heap      ] GC(1) Archive regions: 0->0
[2023-02-27T11:33:05.827+0300][gc,heap      ] GC(1) Humongous regions: 0->0
[2023-02-27T11:33:05.827+0300][gc,metaspace ] GC(1) Metaspace: 17129K->17129K(1064960K)
[2023-02-27T11:33:05.827+0300][gc           ] GC(1) Pause Young (Normal) (G1 Evacuation Pause) 28M->7M(512M) 12,799ms
[2023-02-27T11:33:05.827+0300][gc,cpu       ] GC(1) User=0,04s Sys=0,00s Real=0,02s
[2023-02-27T19:23:57.736+0300][gc,start     ] GC(2) Pause Young (Normal) (G1 Evacuation Pause)
[2023-02-27T19:23:57.736+0300][gc,task      ] GC(2) Using 4 workers of 4 for evacuation
[2023-02-27T19:23:57.742+0300][gc,phases    ] GC(2)   Pre Evacuate Collection Set: 0,1ms
[2023-02-27T19:23:57.742+0300][gc,phases    ] GC(2)   Evacuate Collection Set: 3,1ms
[2023-02-27T19:23:57.742+0300][gc,phases    ] GC(2)   Post Evacuate Collection Set: 2,2ms
[2023-02-27T19:23:57.742+0300][gc,phases    ] GC(2)   Other: 0,4ms
[2023-02-27T19:23:57.742+0300][gc,heap      ] GC(2) Eden regions: 24->0(24)
[2023-02-27T19:23:57.742+0300][gc,heap      ] GC(2) Survivor regions: 1->1(4)
[2023-02-27T19:23:57.742+0300][gc,heap      ] GC(2) Old regions: 8->8
[2023-02-27T19:23:57.742+0300][gc,heap      ] GC(2) Archive regions: 0->0
[2023-02-27T19:23:57.742+0300][gc,heap      ] GC(2) Humongous regions: 0->0
[2023-02-27T19:23:57.742+0300][gc,metaspace ] GC(2) Metaspace: 17142K->17142K(1064960K)
[2023-02-27T19:23:57.742+0300][gc           ] GC(2) Pause Young (Normal) (G1 Evacuation Pause) 31M->7M(512M) 6,145ms
[2023-02-27T19:23:57.743+0300][gc,cpu       ] GC(2) User=0,02s Sys=0,00s Real=0,01s
[2023-02-28T03:08:57.118+0300][gc,start     ] GC(3) Pause Young (Normal) (G1 Evacuation Pause)
[2023-02-28T03:08:57.119+0300][gc,task      ] GC(3) Using 4 workers of 4 for evacuation
[2023-02-28T03:08:57.122+0300][gc,phases    ] GC(3)   Pre Evacuate Collection Set: 0,0ms
[2023-02-28T03:08:57.122+0300][gc,phases    ] GC(3)   Evacuate Collection Set: 2,1ms
[2023-02-28T03:08:57.122+0300][gc,phases    ] GC(3)   Post Evacuate Collection Set: 1,0ms
[2023-02-28T03:08:57.122+0300][gc,phases    ] GC(3)   Other: 0,3ms
[2023-02-28T03:08:57.122+0300][gc,heap      ] GC(3) Eden regions: 24->0(24)
[2023-02-28T03:08:57.122+0300][gc,heap      ] GC(3) Survivor regions: 1->1(4)
[2023-02-28T03:08:57.122+0300][gc,heap      ] GC(3) Old regions: 8->8
[2023-02-28T03:08:57.122+0300][gc,heap      ] GC(3) Archive regions: 0->0
[2023-02-28T03:08:57.122+0300][gc,heap      ] GC(3) Humongous regions: 0->0
[2023-02-28T03:08:57.122+0300][gc,metaspace ] GC(3) Metaspace: 17142K->17142K(1064960K)
[2023-02-28T03:08:57.122+0300][gc           ] GC(3) Pause Young (Normal) (G1 Evacuation Pause) 31M->7M(512M) 3,881ms
[2023-02-28T03:08:57.122+0300][gc,cpu       ] GC(3) User=0,00s Sys=0,01s Real=0,00s
[2023-02-28T11:08:19.780+0300][gc,start     ] GC(4) Pause Young (Normal) (G1 Evacuation Pause)
[2023-02-28T11:08:19.780+0300][gc,task      ] GC(4) Using 4 workers of 4 for evacuation
[2023-02-28T11:08:19.784+0300][gc,phases    ] GC(4)   Pre Evacuate Collection Set: 0,0ms
[2023-02-28T11:08:19.784+0300][gc,phases    ] GC(4)   Evacuate Collection Set: 2,4ms
[2023-02-28T11:08:19.784+0300][gc,phases    ] GC(4)   Post Evacuate Collection Set: 0,9ms
[2023-02-28T11:08:19.784+0300][gc,phases    ] GC(4)   Other: 0,4ms
[2023-02-28T11:08:19.784+0300][gc,heap      ] GC(4) Eden regions: 24->0(24)
[2023-02-28T11:08:19.784+0300][gc,heap      ] GC(4) Survivor regions: 1->1(4)
[2023-02-28T11:08:19.784+0300][gc,heap      ] GC(4) Old regions: 8->8
[2023-02-28T11:08:19.784+0300][gc,heap      ] GC(4) Archive regions: 0->0
[2023-02-28T11:08:19.784+0300][gc,heap      ] GC(4) Humongous regions: 0->0
[2023-02-28T11:08:19.784+0300][gc,metaspace ] GC(4) Metaspace: 17158K->17158K(1064960K)
[2023-02-28T11:08:19.784+0300][gc           ] GC(4) Pause Young (Normal) (G1 Evacuation Pause) 31M->7M(512M) 4,109ms
[2023-02-28T11:08:19.784+0300][gc,cpu       ] GC(4) User=0,01s Sys=0,00s Real=0,00s
[2023-02-28T19:14:59.870+0300][gc,start     ] GC(5) Pause Young (Normal) (G1 Evacuation Pause)
[2023-02-28T19:14:59.870+0300][gc,task      ] GC(5) Using 4 workers of 4 for evacuation
[2023-02-28T19:14:59.874+0300][gc,phases    ] GC(5)   Pre Evacuate Collection Set: 0,0ms
[2023-02-28T19:14:59.874+0300][gc,phases    ] GC(5)   Evacuate Collection Set: 2,9ms
[2023-02-28T19:14:59.874+0300][gc,phases    ] GC(5)   Post Evacuate Collection Set: 0,9ms
[2023-02-28T19:14:59.874+0300][gc,phases    ] GC(5)   Other: 0,4ms
[2023-02-28T19:14:59.874+0300][gc,heap      ] GC(5) Eden regions: 24->0(24)
[2023-02-28T19:14:59.874+0300][gc,heap      ] GC(5) Survivor regions: 1->1(4)
[2023-02-28T19:14:59.874+0300][gc,heap      ] GC(5) Old regions: 8->8
[2023-02-28T19:14:59.874+0300][gc,heap      ] GC(5) Archive regions: 0->0
[2023-02-28T19:14:59.874+0300][gc,heap      ] GC(5) Humongous regions: 0->0
[2023-02-28T19:14:59.874+0300][gc,metaspace ] GC(5) Metaspace: 17158K->17158K(1064960K)
[2023-02-28T19:14:59.874+0300][gc           ] GC(5) Pause Young (Normal) (G1 Evacuation Pause) 31M->7M(512M) 4,455ms
[2023-02-28T19:14:59.874+0300][gc,cpu       ] GC(5) User=0,01s Sys=0,00s Real=0,00s
[2023-03-01T03:23:17.690+0300][gc,start     ] GC(6) Pause Young (Normal) (G1 Evacuation Pause)
[2023-03-01T03:23:17.690+0300][gc,task      ] GC(6) Using 4 workers of 4 for evacuation
[2023-03-01T03:23:17.694+0300][gc,phases    ] GC(6)   Pre Evacuate Collection Set: 0,0ms
[2023-03-01T03:23:17.694+0300][gc,phases    ] GC(6)   Evacuate Collection Set: 2,3ms
[2023-03-01T03:23:17.694+0300][gc,phases    ] GC(6)   Post Evacuate Collection Set: 0,9ms
[2023-03-01T03:23:17.694+0300][gc,phases    ] GC(6)   Other: 0,3ms
[2023-03-01T03:23:17.694+0300][gc,heap      ] GC(6) Eden regions: 24->0(24)
[2023-03-01T03:23:17.694+0300][gc,heap      ] GC(6) Survivor regions: 1->1(4)
[2023-03-01T03:23:17.694+0300][gc,heap      ] GC(6) Old regions: 8->8
[2023-03-01T03:23:17.694+0300][gc,heap      ] GC(6) Archive regions: 0->0
[2023-03-01T03:23:17.694+0300][gc,heap      ] GC(6) Humongous regions: 0->0
[2023-03-01T03:23:17.694+0300][gc,metaspace ] GC(6) Metaspace: 17158K->17158K(1064960K)
[2023-03-01T03:23:17.694+0300][gc           ] GC(6) Pause Young (Normal) (G1 Evacuation Pause) 31M->7M(512M) 4,028ms
[2023-03-01T03:23:17.694+0300][gc,cpu       ] GC(6) User=0,01s Sys=0,00s Real=0,00s
[2023-03-01T11:27:04.434+0300][gc,start     ] GC(7) Pause Young (Normal) (G1 Evacuation Pause)
[2023-03-01T11:27:04.436+0300][gc,task      ] GC(7) Using 4 workers of 4 for evacuation
[2023-03-01T11:27:04.443+0300][gc,phases    ] GC(7)   Pre Evacuate Collection Set: 0,1ms
[2023-03-01T11:27:04.443+0300][gc,phases    ] GC(7)   Evacuate Collection Set: 3,3ms
[2023-03-01T11:27:04.443+0300][gc,phases    ] GC(7)   Post Evacuate Collection Set: 2,9ms
[2023-03-01T11:27:04.443+0300][gc,phases    ] GC(7)   Other: 2,3ms
[2023-03-01T11:27:04.443+0300][gc,heap      ] GC(7) Eden regions: 24->0(24)
[2023-03-01T11:27:04.443+0300][gc,heap      ] GC(7) Survivor regions: 1->1(4)
[2023-03-01T11:27:04.443+0300][gc,heap      ] GC(7) Old regions: 8->8
[2023-03-01T11:27:04.443+0300][gc,heap      ] GC(7) Archive regions: 0->0
[2023-03-01T11:27:04.443+0300][gc,heap      ] GC(7) Humongous regions: 0->0
[2023-03-01T11:27:04.443+0300][gc,metaspace ] GC(7) Metaspace: 17161K->17161K(1064960K)
[2023-03-01T11:27:04.443+0300][gc           ] GC(7) Pause Young (Normal) (G1 Evacuation Pause) 31M->7M(512M) 9,019ms
[2023-03-01T11:27:04.443+0300][gc,cpu       ] GC(7) User=0,01s Sys=0,00s Real=0,01s
[2023-03-01T19:35:32.150+0300][gc,start     ] GC(8) Pause Young (Normal) (G1 Evacuation Pause)
[2023-03-01T19:35:32.150+0300][gc,task      ] GC(8) Using 4 workers of 4 for evacuation
[2023-03-01T19:35:32.154+0300][gc,phases    ] GC(8)   Pre Evacuate Collection Set: 0,0ms
[2023-03-01T19:35:32.154+0300][gc,phases    ] GC(8)   Evacuate Collection Set: 2,1ms
[2023-03-01T19:35:32.154+0300][gc,phases    ] GC(8)   Post Evacuate Collection Set: 0,8ms
[2023-03-01T19:35:32.154+0300][gc,phases    ] GC(8)   Other: 0,4ms
[2023-03-01T19:35:32.154+0300][gc,heap      ] GC(8) Eden regions: 24->0(26)
[2023-03-01T19:35:32.154+0300][gc,heap      ] GC(8) Survivor regions: 1->1(4)
[2023-03-01T19:35:32.154+0300][gc,heap      ] GC(8) Old regions: 8->8
[2023-03-01T19:35:32.154+0300][gc,heap      ] GC(8) Archive regions: 0->0
[2023-03-01T19:35:32.154+0300][gc,heap      ] GC(8) Humongous regions: 0->0
[2023-03-01T19:35:32.154+0300][gc,metaspace ] GC(8) Metaspace: 17161K->17161K(1064960K)
[2023-03-01T19:35:32.154+0300][gc           ] GC(8) Pause Young (Normal) (G1 Evacuation Pause) 31M->7M(512M) 3,759ms
[2023-03-01T19:35:32.154+0300][gc,cpu       ] GC(8) User=0,01s Sys=0,01s Real=0,00s
[2023-03-02T04:21:07.002+0300][gc,start     ] GC(9) Pause Young (Normal) (G1 Evacuation Pause)
[2023-03-02T04:21:07.002+0300][gc,task      ] GC(9) Using 4 workers of 4 for evacuation
[2023-03-02T04:21:07.006+0300][gc,phases    ] GC(9)   Pre Evacuate Collection Set: 0,0ms
[2023-03-02T04:21:07.006+0300][gc,phases    ] GC(9)   Evacuate Collection Set: 2,4ms
[2023-03-02T04:21:07.006+0300][gc,phases    ] GC(9)   Post Evacuate Collection Set: 1,1ms
[2023-03-02T04:21:07.006+0300][gc,phases    ] GC(9)   Other: 0,4ms
[2023-03-02T04:21:07.006+0300][gc,heap      ] GC(9) Eden regions: 26->0(27)
[2023-03-02T04:21:07.006+0300][gc,heap      ] GC(9) Survivor regions: 1->1(4)
[2023-03-02T04:21:07.006+0300][gc,heap      ] GC(9) Old regions: 8->8
[2023-03-02T04:21:07.006+0300][gc,heap      ] GC(9) Archive regions: 0->0
[2023-03-02T04:21:07.006+0300][gc,heap      ] GC(9) Humongous regions: 0->0
[2023-03-02T04:21:07.006+0300][gc,metaspace ] GC(9) Metaspace: 17161K->17161K(1064960K)
[2023-03-02T04:21:07.006+0300][gc           ] GC(9) Pause Young (Normal) (G1 Evacuation Pause) 33M->7M(512M) 4,354ms
[2023-03-02T04:21:07.007+0300][gc,cpu       ] GC(9) User=0,01s Sys=0,00s Real=0,01s
[2023-03-02T13:27:01.680+0300][gc,start     ] GC(10) Pause Young (Normal) (G1 Evacuation Pause)
[2023-03-02T13:27:01.681+0300][gc,task      ] GC(10) Using 4 workers of 4 for evacuation
[2023-03-02T13:27:01.686+0300][gc,phases    ] GC(10)   Pre Evacuate Collection Set: 0,0ms
[2023-03-02T13:27:01.686+0300][gc,phases    ] GC(10)   Evacuate Collection Set: 2,7ms
[2023-03-02T13:27:01.686+0300][gc,phases    ] GC(10)   Post Evacuate Collection Set: 2,2ms
[2023-03-02T13:27:01.686+0300][gc,phases    ] GC(10)   Other: 0,8ms
[2023-03-02T13:27:01.686+0300][gc,heap      ] GC(10) Eden regions: 27->0(28)
[2023-03-02T13:27:01.686+0300][gc,heap      ] GC(10) Survivor regions: 1->1(4)
[2023-03-02T13:27:01.686+0300][gc,heap      ] GC(10) Old regions: 8->8
[2023-03-02T13:27:01.686+0300][gc,heap      ] GC(10) Archive regions: 0->0
[2023-03-02T13:27:01.686+0300][gc,heap      ] GC(10) Humongous regions: 0->0
[2023-03-02T13:27:01.686+0300][gc,metaspace ] GC(10) Metaspace: 17161K->17161K(1064960K)
[2023-03-02T13:27:01.686+0300][gc           ] GC(10) Pause Young (Normal) (G1 Evacuation Pause) 34M->7M(512M) 5,993ms
[2023-03-02T13:27:01.686+0300][gc,cpu       ] GC(10) User=0,01s Sys=0,00s Real=0,01s
[2023-03-02T22:52:41.526+0300][gc,start     ] GC(11) Pause Young (Normal) (G1 Evacuation Pause)
[2023-03-02T22:52:41.526+0300][gc,task      ] GC(11) Using 4 workers of 4 for evacuation
[2023-03-02T22:52:41.531+0300][gc,phases    ] GC(11)   Pre Evacuate Collection Set: 0,1ms
[2023-03-02T22:52:41.531+0300][gc,phases    ] GC(11)   Evacuate Collection Set: 3,0ms
[2023-03-02T22:52:41.531+0300][gc,phases    ] GC(11)   Post Evacuate Collection Set: 1,5ms
[2023-03-02T22:52:41.531+0300][gc,phases    ] GC(11)   Other: 0,4ms
[2023-03-02T22:52:41.531+0300][gc,heap      ] GC(11) Eden regions: 28->0(29)
[2023-03-02T22:52:41.531+0300][gc,heap      ] GC(11) Survivor regions: 1->1(4)
[2023-03-02T22:52:41.531+0300][gc,heap      ] GC(11) Old regions: 8->8
[2023-03-02T22:52:41.531+0300][gc,heap      ] GC(11) Archive regions: 0->0
[2023-03-02T22:52:41.531+0300][gc,heap      ] GC(11) Humongous regions: 0->0
[2023-03-02T22:52:41.531+0300][gc,metaspace ] GC(11) Metaspace: 17162K->17162K(1064960K)
[2023-03-02T22:52:41.531+0300][gc           ] GC(11) Pause Young (Normal) (G1 Evacuation Pause) 35M->7M(512M) 5,053ms
[2023-03-02T22:52:41.531+0300][gc,cpu       ] GC(11) User=0,01s Sys=0,00s Real=0,00s
[2023-03-03T08:36:27.622+0300][gc,start     ] GC(12) Pause Young (Normal) (G1 Evacuation Pause)
[2023-03-03T08:36:27.622+0300][gc,task      ] GC(12) Using 4 workers of 4 for evacuation
[2023-03-03T08:36:27.629+0300][gc,phases    ] GC(12)   Pre Evacuate Collection Set: 0,1ms
[2023-03-03T08:36:27.629+0300][gc,phases    ] GC(12)   Evacuate Collection Set: 4,3ms
[2023-03-03T08:36:27.629+0300][gc,phases    ] GC(12)   Post Evacuate Collection Set: 2,1ms
[2023-03-03T08:36:27.629+0300][gc,phases    ] GC(12)   Other: 0,5ms
[2023-03-03T08:36:27.630+0300][gc,heap      ] GC(12) Eden regions: 29->0(31)
[2023-03-03T08:36:27.630+0300][gc,heap      ] GC(12) Survivor regions: 1->1(4)
[2023-03-03T08:36:27.630+0300][gc,heap      ] GC(12) Old regions: 8->8
[2023-03-03T08:36:27.630+0300][gc,heap      ] GC(12) Archive regions: 0->0
[2023-03-03T08:36:27.630+0300][gc,heap      ] GC(12) Humongous regions: 0->0
[2023-03-03T08:36:27.630+0300][gc,metaspace ] GC(12) Metaspace: 17162K->17162K(1064960K)
[2023-03-03T08:36:27.630+0300][gc           ] GC(12) Pause Young (Normal) (G1 Evacuation Pause) 36M->7M(512M) 7,364ms
[2023-03-03T08:36:27.630+0300][gc,cpu       ] GC(12) User=0,01s Sys=0,00s Real=0,01s
