[2023-02-08T16:11:07.111+0300][gc,heap] Heap region size: 1M
[2023-02-08T16:11:07.116+0300][gc     ] Using G1
[2023-02-08T16:11:07.116+0300][gc,heap,coops] Heap address: 0x00000000e0000000, size: 512 MB, Compressed Oops mode: 32-bit
[2023-02-08T16:11:07.136+0300][gc           ] Periodic GC disabled
[2023-02-08T16:11:07.641+0300][gc,start     ] GC(0) Pause Young (Normal) (G1 Evacuation Pause)
[2023-02-08T16:11:07.641+0300][gc,task      ] GC(0) Using 4 workers of 4 for evacuation
[2023-02-08T16:11:07.647+0300][gc,phases    ] GC(0)   Pre Evacuate Collection Set: 0,0ms
[2023-02-08T16:11:07.647+0300][gc,phases    ] GC(0)   Evacuate Collection Set: 5,0ms
[2023-02-08T16:11:07.647+0300][gc,phases    ] GC(0)   Post Evacuate Collection Set: 0,4ms
[2023-02-08T16:11:07.647+0300][gc,phases    ] GC(0)   Other: 0,4ms
[2023-02-08T16:11:07.647+0300][gc,heap      ] GC(0) Eden regions: 25->0(21)
[2023-02-08T16:11:07.647+0300][gc,heap      ] GC(0) Survivor regions: 0->4(4)
[2023-02-08T16:11:07.647+0300][gc,heap      ] GC(0) Old regions: 0->3
[2023-02-08T16:11:07.647+0300][gc,heap      ] GC(0) Archive regions: 0->0
[2023-02-08T16:11:07.647+0300][gc,heap      ] GC(0) Humongous regions: 0->0
[2023-02-08T16:11:07.647+0300][gc,metaspace ] GC(0) Metaspace: 14897K->14897K(1062912K)
[2023-02-08T16:11:07.647+0300][gc           ] GC(0) Pause Young (Normal) (G1 Evacuation Pause) 25M->6M(512M) 6,004ms
[2023-02-08T16:11:07.647+0300][gc,cpu       ] GC(0) User=0,02s Sys=0,00s Real=0,00s
[2023-02-08T16:11:07.662+0300][gc,heap,exit ] Heap
[2023-02-08T16:11:07.662+0300][gc,heap,exit ]  garbage-first heap   total 524288K, used 7161K [0x00000000e0000000, 0x0000000100000000)
[2023-02-08T16:11:07.662+0300][gc,heap,exit ]   region size 1024K, 5 young (5120K), 4 survivors (4096K)
[2023-02-08T16:11:07.662+0300][gc,heap,exit ]  Metaspace       used 14980K, capacity 15291K, committed 15488K, reserved 1062912K
[2023-02-08T16:11:07.662+0300][gc,heap,exit ]   class space    used 1488K, capacity 1589K, committed 1664K, reserved 1048576K
