[2023-02-23T14:19:25.473+0300][gc,heap] Heap region size: 1M
[2023-02-23T14:19:25.477+0300][gc     ] Using G1
[2023-02-23T14:19:25.477+0300][gc,heap,coops] Heap address: 0x00000000e0000000, size: 512 MB, Compressed Oops mode: 32-bit
[2023-02-23T14:19:25.498+0300][gc           ] Periodic GC disabled
[2023-02-23T14:19:25.991+0300][gc,start     ] GC(0) Pause Young (Normal) (G1 Evacuation Pause)
[2023-02-23T14:19:25.992+0300][gc,task      ] GC(0) Using 4 workers of 4 for evacuation
[2023-02-23T14:19:25.999+0300][gc,phases    ] GC(0)   Pre Evacuate Collection Set: 0,0ms
[2023-02-23T14:19:25.999+0300][gc,phases    ] GC(0)   Evacuate Collection Set: 6,5ms
[2023-02-23T14:19:25.999+0300][gc,phases    ] GC(0)   Post Evacuate Collection Set: 0,8ms
[2023-02-23T14:19:25.999+0300][gc,phases    ] GC(0)   Other: 0,3ms
[2023-02-23T14:19:25.999+0300][gc,heap      ] GC(0) Eden regions: 25->0(21)
[2023-02-23T14:19:25.999+0300][gc,heap      ] GC(0) Survivor regions: 0->4(4)
[2023-02-23T14:19:25.999+0300][gc,heap      ] GC(0) Old regions: 0->4
[2023-02-23T14:19:25.999+0300][gc,heap      ] GC(0) Archive regions: 0->0
[2023-02-23T14:19:25.999+0300][gc,heap      ] GC(0) Humongous regions: 0->0
[2023-02-23T14:19:25.999+0300][gc,metaspace ] GC(0) Metaspace: 14993K->14993K(1062912K)
[2023-02-23T14:19:25.999+0300][gc           ] GC(0) Pause Young (Normal) (G1 Evacuation Pause) 25M->7M(512M) 7,697ms
[2023-02-23T14:19:25.999+0300][gc,cpu       ] GC(0) User=0,01s Sys=0,01s Real=0,01s
[2023-02-24T17:27:46.768+0300][gc,heap,exit ] Heap
[2023-02-24T17:27:46.768+0300][gc,heap,exit ]  garbage-first heap   total 524288K, used 14421K [0x00000000e0000000, 0x0000000100000000)
[2023-02-24T17:27:46.768+0300][gc,heap,exit ]   region size 1024K, 12 young (12288K), 4 survivors (4096K)
[2023-02-24T17:27:46.768+0300][gc,heap,exit ]  Metaspace       used 15877K, capacity 16222K, committed 16384K, reserved 1064960K
[2023-02-24T17:27:46.768+0300][gc,heap,exit ]   class space    used 1573K, capacity 1688K, committed 1792K, reserved 1048576K
